<html>
<body>
<pre>
<h1>µVision Build Log</h1>
<h2>Project:</h2>
C:\Documents and Settings\Administrator\×ÀÃæ\HITCRT\MDK\HITCRT.uvproj
Project File Date:  11/12/2011

<h2>Output:</h2>
Build target 'Target 1'
compiling system_stm32f4xx.c...
assembling startup_stm32f4xx.s...
linking...
HITCRT.axf: Error: L6218E: Undefined symbol main (referred from rtentry2.o).
Target not created
Build target 'Target 1'
compiling main.c...
..\src\main.c(4): warning:  #951-D: return type of function "main" must be "int"
..\src\main.c(10): warning:  #1-D: last line of file ends without a newline
linking...
Program Size: Code=860 RO-data=424 RW-data=20 ZI-data=1636  
"HITCRT.axf" - 0 Error(s), 2 Warning(s).
Build target 'Target 1'
compiling main.c...
assembling startup_stm32f4xx.s...
linking...
Program Size: Code=860 RO-data=424 RW-data=20 ZI-data=1636  
FromELF: creating hex file...
"HITCRT.axf" - 0 Error(s), 0 Warning(s).
Build target 'Target 1'
linking...
Program Size: Code=860 RO-data=424 RW-data=20 ZI-data=1636  
FromELF: creating hex file...
"HITCRT.axf" - 0 Error(s), 0 Warning(s).
Build target 'Target 1'
compiling system_stm32f4xx.c...
compiling main.c...
assembling startup_stm32f4xx.s...
linking...
Program Size: Code=860 RO-data=424 RW-data=20 ZI-data=1636  
FromELF: creating hex file...
"..\List\HITCRT.axf" - 0 Error(s), 0 Warning(s).
Build target 'Target 1'
linking...
Program Size: Code=860 RO-data=424 RW-data=20 ZI-data=1636  
FromELF: creating hex file...
"..\List\HITCRT.axf" - 0 Error(s), 0 Warning(s).
Build target 'Target 1'
linking...
Program Size: Code=860 RO-data=424 RW-data=20 ZI-data=1636  
FromELF: creating hex file...
"..\List\HITCRT.axf" - 0 Error(s), 0 Warning(s).
Build target 'Target 1'
compiling system_stm32f4xx.c...
..\src\lib\system_stm32f4xx.c(372): error:  #20: identifier "PWR_CR_VOS" is undefined
assembling startup_stm32f4xx.s...
Target not created
Build target 'Target 1'
compiling main.c...
..\src\main.c(1): error:  #5: cannot open source input file "lib\\stm32f4xx.h": No such file or directory
compiling system_stm32f4xx.c...
..\src\lib\system_stm32f4xx.c(372): error:  #20: identifier "PWR_CR_VOS" is undefined
Target not created
Build target 'Target 1'
compiling main.c...
..\src\main.c(1): error:  #5: cannot open source input file "lib\\stm32f4xx.h": No such file or directory
compiling system_stm32f4xx.c...
..\src\lib\system_stm32f4xx.c(372): error:  #20: identifier "PWR_CR_VOS" is undefined
assembling startup_stm32f4xx.s...
Target not created
Build target 'Target 1'
compiling main.c...
..\src\main.c(1): error:  #5: cannot open source input file "lib\\stm32f4xx.h": No such file or directory
compiling system_stm32f4xx.c...
..\src\lib\system_stm32f4xx.c(117): error:  #5: cannot open source input file "lib\\stm32f4xx.h": No such file or directory
Target not created
Build target 'Target 1'
compiling main.c...
..\src\main.c(1): error:  #5: cannot open source input file "lib\\stm32f4xx.h": No such file or directory
compiling system_stm32f4xx.c...
..\src\lib\system_stm32f4xx.c(117): error:  #5: cannot open source input file "lib//stm32f4xx.h": No such file or directory
Target not created
Build target 'Target 1'
compiling main.c...
..\src\main.c(1): error:  #5: cannot open source input file "lib\\stm32f4xx.h": No such file or directory
compiling system_stm32f4xx.c...
..\src\lib\system_stm32f4xx.c(372): error:  #20: identifier "PWR_CR_VOS" is undefined
Target not created
Build target 'Target 1'
compiling main.c...
..\src\main.c(1): error:  #5: cannot open source input file "lib\\stm32f4xx.h": No such file or directory
compiling system_stm32f4xx.c...
Target not created
Build target 'Target 1'
compiling main.c...
linking...
Program Size: Code=860 RO-data=424 RW-data=20 ZI-data=1636  
FromELF: creating hex file...
"..\List\HITCRT.axf" - 0 Error(s), 0 Warning(s).
Build target 'Target 1'
compiling main.c...
..\src\main.c(1): error:  #5: cannot open source input file "lib\\stm32f4xx.h": No such file or directory
Target not created
Build target 'Target 1'
compiling main.c...
linking...
Program Size: Code=860 RO-data=424 RW-data=20 ZI-data=1636  
FromELF: creating hex file...
"..\List\HITCRT.axf" - 0 Error(s), 0 Warning(s).
Build target 'Target 1'
linking...
Program Size: Code=860 RO-data=424 RW-data=20 ZI-data=1636  
FromELF: creating hex file...
"..\List\HITCRT.axf" - 0 Error(s), 0 Warning(s).
Build target 'Target 1'
compiling main.c...
compiling stm32f4xx_it.c...
linking...
Program Size: Code=888 RO-data=424 RW-data=20 ZI-data=1636  
FromELF: creating hex file...
"..\List\HITCRT.axf" - 0 Error(s), 0 Warning(s).
Build target 'Target 1'
compiling system_stm32f4xx.c...
linking...
Program Size: Code=888 RO-data=424 RW-data=20 ZI-data=1636  
FromELF: creating hex file...
"..\List\HITCRT.axf" - 0 Error(s), 0 Warning(s).
Build target 'Target 1'
linking...
Program Size: Code=888 RO-data=424 RW-data=20 ZI-data=1636  
FromELF: creating hex file...
"..\List\HITCRT.axf" - 0 Error(s), 0 Warning(s).
Build target 'Target 1'
linking...
Program Size: Code=888 RO-data=424 RW-data=20 ZI-data=1636  
FromELF: creating hex file...
"..\List\HITCRT.axf" - 0 Error(s), 0 Warning(s).
Build target 'Target 1'
compiling system_stm32f4xx.c...
..\src\lib\system_stm32f4xx.c(117): error:  #5: cannot open source input file "lib\\stm32f4xx.h": No such file or directory
Target not created
Build target 'Target 1'
compiling system_stm32f4xx.c...
..\src\lib\system_stm32f4xx.c(172): error:  #20: identifier "uint32_t" is undefined
..\src\lib\system_stm32f4xx.c(174): error:  #20: identifier "__I" is undefined
..\src\lib\system_stm32f4xx.c(174): error:  #65: expected a ";"
..\src\lib\system_stm32f4xx.c(208): error:  #20: identifier "RCC" is undefined
..\src\lib\system_stm32f4xx.c(208): error:  #20: identifier "uint32_t" is undefined
..\src\lib\system_stm32f4xx.c(208): error:  #65: expected a ";"
..\src\lib\system_stm32f4xx.c(214): error:  #65: expected a ";"
..\src\lib\system_stm32f4xx.c(220): error:  #65: expected a ";"
..\src\lib\system_stm32f4xx.c(237): error:  #20: identifier "SCB" is undefined
..\src\lib\system_stm32f4xx.c(237): error:  #20: identifier "FLASH_BASE" is undefined
..\src\lib\system_stm32f4xx.c(279): error:  #20: identifier "uint32_t" is undefined
..\src\lib\system_stm32f4xx.c(282): error:  #20: identifier "RCC" is undefined
..\src\lib\system_stm32f4xx.c(282): error:  #20: identifier "RCC_CFGR_SWS" is undefined
..\src\lib\system_stm32f4xx.c(287): error:  #20: identifier "HSI_VALUE" is undefined
..\src\lib\system_stm32f4xx.c(290): error:  #20: identifier "HSE_VALUE" is undefined
..\src\lib\system_stm32f4xx.c(297): error:  #20: identifier "RCC_PLLCFGR_PLLSRC" is undefined
..\src\lib\system_stm32f4xx.c(298): error:  #20: identifier "RCC_PLLCFGR_PLLM" is undefined
..\src\lib\system_stm32f4xx.c(303): error:  #20: identifier "RCC_PLLCFGR_PLLN" is undefined
..\src\lib\system_stm32f4xx.c(308): error:  #20: identifier "RCC_PLLCFGR_PLLN" is undefined
..\src\lib\system_stm32f4xx.c(311): error:  #20: identifier "RCC_PLLCFGR_PLLP" is undefined
..\src\lib\system_stm32f4xx.c(320): error:  #20: identifier "AHBPrescTable" is undefined
..\src\lib\system_stm32f4xx.c(320): error:  #20: identifier "RCC_CFGR_HPRE" is undefined
..\src\lib\system_stm32f4xx.c(338): error:  #20: identifier "__IO" is undefined
..\src\lib\system_stm32f4xx.c(338): error:  #65: expected a ";"
..\src\lib\system_stm32f4xx.c(341): error:  #20: identifier "RCC" is undefined
..\src\lib\system_stm32f4xx.c(341): error:  #18: expected a ")"
..\src\lib\system_stm32f4xx.c(346): error:  #20: identifier "HSEStatus" is undefined
..\src\lib\system_stm32f4xx.c(346): error:  #20: identifier "RCC_CR_HSERDY" is undefined
..\src\lib\system_stm32f4xx.c(347): error:  #20: identifier "StartUpCounter" is undefined
..\src\lib\system_stm32f4xx.c(348): error:  #20: identifier "HSEStatus" is undefined
Target not created
Build target 'Target 1'
compiling system_stm32f4xx.c...
linking...
Program Size: Code=888 RO-data=424 RW-data=20 ZI-data=1636  
FromELF: creating hex file...
"..\List\HITCRT.axf" - 0 Error(s), 0 Warning(s).
Build target 'Target 1'
linking...
Program Size: Code=888 RO-data=424 RW-data=20 ZI-data=1636  
FromELF: creating hex file...
"..\List\HITCRT.axf" - 0 Error(s), 0 Warning(s).
Build target 'Target 1'
compiling system_stm32f4xx.c...
compiling main.c...
compiling stm32f4xx_it.c...
linking...
Program Size: Code=888 RO-data=424 RW-data=20 ZI-data=1636  
FromELF: creating hex file...
"..\List\HITCRT.axf" - 0 Error(s), 0 Warning(s).
Build target 'Target 1'
compiling system_stm32f4xx.c...
compiling main.c...
compiling stm32f4xx_it.c...
linking...
Program Size: Code=888 RO-data=424 RW-data=20 ZI-data=1636  
FromELF: creating hex file...
"..\List\HITCRT.axf" - 0 Error(s), 0 Warning(s).
Build target 'Target 1'
compiling RCC.c...
..\src\RCC.c(7): warning:  #223-D: function "RCC_AHB1PeriphClockCmd" declared implicitly
..\src\RCC.c(7): error:  #20: identifier "RCC_AHB1Periph_GPIOD" is undefined
compiling hal.c...
compiling GPIO.c...
..\src\GPIO.c(19): warning:  #1-D: last line of file ends without a newline
Target not created
Build target 'Target 1'
compiling system_stm32f4xx.c...
compiling main.c...
compiling stm32f4xx_it.c...
compiling RCC.c...
compiling GPIO.c...
..\src\GPIO.c(19): warning:  #1-D: last line of file ends without a newline
linking...
..\List\HITCRT.axf: Error: L6218E: Undefined symbol RCC_AHB1PeriphClockCmd (referred from rcc.o).
..\List\HITCRT.axf: Error: L6218E: Undefined symbol GPIO_Init (referred from gpio.o).
Target not created
Build target 'Target 1'
compiling RCC.c...
linking...
..\List\HITCRT.axf: Error: L6218E: Undefined symbol GPIO_Init (referred from gpio.o).
Target not created
Build target 'Target 1'
compiling system_stm32f4xx.c...
compiling main.c...
compiling stm32f4xx_it.c...
compiling RCC.c...
compiling GPIO.c...
..\src\GPIO.c(18): warning:  #1-D: last line of file ends without a newline
linking...
..\List\HITCRT.axf: Error: L6218E: Undefined symbol GPIO_Init (referred from gpio.o).
Target not created
Build target 'Target 1'
compiling GPIO.c...
..\src\GPIO.c(7): warning:  #550-D: variable "GPIO_InitStructure" was set but never used
..\src\GPIO.c(18): warning:  #1-D: last line of file ends without a newline
linking...
Program Size: Code=888 RO-data=424 RW-data=20 ZI-data=1636  
FromELF: creating hex file...
"..\List\HITCRT.axf" - 0 Error(s), 2 Warning(s).
Build target 'Target 1'
compiling GPIO.c...
..\src\GPIO.c(7): warning:  #550-D: variable "GPIO_InitStructure" was set but never used
..\src\GPIO.c(19): warning:  #1-D: last line of file ends without a newline
linking...
Program Size: Code=888 RO-data=424 RW-data=20 ZI-data=1636  
FromELF: creating hex file...
"..\List\HITCRT.axf" - 0 Error(s), 2 Warning(s).
Build target 'Target 1'
compiling GPIO.c...
..\src\GPIO.c(7): warning:  #550-D: variable "GPIO_InitStructure" was set but never used
..\src\GPIO.c(20): warning:  #1-D: last line of file ends without a newline
linking...
Program Size: Code=888 RO-data=424 RW-data=20 ZI-data=1636  
FromELF: creating hex file...
"..\List\HITCRT.axf" - 0 Error(s), 2 Warning(s).
Build target 'Target 1'
compiling GPIO.c...
..\src\GPIO.c(20): warning:  #1-D: last line of file ends without a newline
linking...
..\List\HITCRT.axf: Error: L6218E: Undefined symbol GPIO_Init (referred from gpio.o).
Target not created
Build target 'Target 1'
compiling GPIO.c...
..\src\GPIO.c(20): warning:  #1-D: last line of file ends without a newline
linking...
..\List\HITCRT.axf: Error: L6218E: Undefined symbol GPIO_Init (referred from gpio.o).
Target not created
Build target 'Target 1'
compiling GPIO.c...
..\src\GPIO.c(19): warning:  #1-D: last line of file ends without a newline
compiling misc.c...
compiling stm32f4xx_adc.c...
compiling stm32f4xx_can.c...
compiling stm32f4xx_crc.c...
compiling stm32f4xx_cryp.c...
compiling stm32f4xx_cryp_aes.c...
compiling stm32f4xx_cryp_des.c...
compiling stm32f4xx_cryp_tdes.c...
compiling stm32f4xx_dac.c...
compiling stm32f4xx_dbgmcu.c...
compiling stm32f4xx_dcmi.c...
compiling stm32f4xx_dma.c...
compiling stm32f4xx_exti.c...
compiling stm32f4xx_flash.c...
compiling stm32f4xx_fsmc.c...
compiling stm32f4xx_gpio.c...
compiling stm32f4xx_hash.c...
compiling stm32f4xx_hash_md5.c...
compiling stm32f4xx_hash_sha1.c...
compiling stm32f4xx_i2c.c...
compiling stm32f4xx_iwdg.c...
compiling stm32f4xx_pwr.c...
compiling stm32f4xx_rcc.c...
compiling stm32f4xx_rng.c...
compiling stm32f4xx_rtc.c...
compiling stm32f4xx_sdio.c...
compiling stm32f4xx_spi.c...
compiling stm32f4xx_syscfg.c...
compiling stm32f4xx_tim.c...
compiling stm32f4xx_usart.c...
compiling stm32f4xx_wwdg.c...
linking...
Program Size: Code=888 RO-data=424 RW-data=20 ZI-data=1636  
FromELF: creating hex file...
"..\List\HITCRT.axf" - 0 Error(s), 1 Warning(s).
Build target 'Target 1'
compiling main.c...
linking...
Program Size: Code=888 RO-data=424 RW-data=20 ZI-data=1636  
FromELF: creating hex file...
"..\List\HITCRT.axf" - 0 Error(s), 0 Warning(s).
Build target 'Target 1'
compiling main.c...
linking...
Program Size: Code=3140 RO-data=424 RW-data=36 ZI-data=1636  
FromELF: creating hex file...
"..\List\HITCRT.axf" - 0 Error(s), 0 Warning(s).
Build target 'Target 1'
compiling main.c...
linking...
Program Size: Code=3152 RO-data=424 RW-data=36 ZI-data=1636  
FromELF: creating hex file...
"..\List\HITCRT.axf" - 0 Error(s), 0 Warning(s).
Build target 'Target 1'
compiling main.c...
linking...
Program Size: Code=3248 RO-data=424 RW-data=36 ZI-data=1636  
FromELF: creating hex file...
"..\List\HITCRT.axf" - 0 Error(s), 0 Warning(s).
Build target 'Target 1'
compiling system_stm32f4xx.c...
compiling main.c...
compiling stm32f4xx_it.c...
compiling RCC.c...
compiling hal.c...
compiling GPIO.c...
..\src\GPIO.c(19): warning:  #1-D: last line of file ends without a newline
compiling misc.c...
compiling stm32f4xx_adc.c...
compiling stm32f4xx_can.c...
compiling stm32f4xx_crc.c...
compiling stm32f4xx_cryp.c...
compiling stm32f4xx_cryp_aes.c...
compiling stm32f4xx_cryp_des.c...
compiling stm32f4xx_cryp_tdes.c...
compiling stm32f4xx_dac.c...
compiling stm32f4xx_dbgmcu.c...
compiling stm32f4xx_dcmi.c...
compiling stm32f4xx_dma.c...
compiling stm32f4xx_exti.c...
compiling stm32f4xx_flash.c...
compiling stm32f4xx_fsmc.c...
compiling stm32f4xx_gpio.c...
compiling stm32f4xx_hash.c...
compiling stm32f4xx_hash_md5.c...
compiling stm32f4xx_hash_sha1.c...
compiling stm32f4xx_i2c.c...
compiling stm32f4xx_iwdg.c...
compiling stm32f4xx_pwr.c...
compiling stm32f4xx_rcc.c...
compiling stm32f4xx_rng.c...
compiling stm32f4xx_rtc.c...
compiling stm32f4xx_sdio.c...
compiling stm32f4xx_spi.c...
compiling stm32f4xx_syscfg.c...
compiling stm32f4xx_tim.c...
compiling stm32f4xx_usart.c...
compiling stm32f4xx_wwdg.c...
linking...
Program Size: Code=1080 RO-data=408 RW-data=0 ZI-data=1632  
FromELF: creating hex file...
"..\List\HITCRT.axf" - 0 Error(s), 1 Warning(s).
