ARM Linker, 4.1 [Build 791] [Standard]

==============================================================================

Section Cross References

    hal.o(i.ChipHalInit) refers to rcc.o(i.RCC_Configuration) for RCC_Configuration
    hal.o(i.ChipHalInit) refers to nvic.o(i.NVIC_Configuration) for NVIC_Configuration
    hal.o(i.ChipHalInit) refers to gpio.o(i.ARM_LED_Configuration) for ARM_LED_Configuration
    hal.o(i.ChipHalInit) refers to gpio.o(i.GPIO_Configuration) for GPIO_Configuration
    hal.o(i.ChipHalInit) refers to tim.o(i.TIM_Configuration) for TIM_Configuration
    hal.o(i.ChipHalInit) refers to fsmc.o(i.FSMC_Configuration) for FSMC_Configuration
    hal.o(i.ChipHalInit) refers to can.o(i.CAN_Configuration) for CAN_Configuration
    hal.o(i.ChipHalInit) refers to uart.o(i.UART1_Configuration) for UART1_Configuration
    hal.o(i.ChipHalInit) refers to uart.o(i.UART2_Configuration) for UART2_Configuration
    hal.o(i.ChipHalInit) refers to uart.o(i.UART6_Configuration) for UART6_Configuration
    can.o(i.CAN1GetRxBufDat) refers to can.o(.data) for CAN1_Rx_Head
    can.o(i.CAN1GetRxBufDat) refers to can.o(.bss) for CAN1_RX_Buf
    can.o(i.CAN1GetRxBufLen) refers to can.o(.data) for CAN1_Rx_Head
    can.o(i.CAN1GetTxBufDat) refers to can.o(.data) for CAN1_Tx_Head
    can.o(i.CAN1GetTxBufDat) refers to can.o(.bss) for CAN1_TX_Buf
    can.o(i.CAN1GetTxBufLen) refers to can.o(.data) for CAN1_Tx_Head
    can.o(i.CAN1IsDataInRxBuf) refers to can.o(.data) for CAN1_Rx_Head
    can.o(i.CAN1IsDataInTxBuf) refers to can.o(.data) for CAN1_Tx_Head
    can.o(i.CAN1PutDatatoRxBuf) refers to memcpya.o(.text) for __aeabi_memcpy4
    can.o(i.CAN1PutDatatoRxBuf) refers to can.o(.data) for CAN1_Rx_Head
    can.o(i.CAN1PutDatatoRxBuf) refers to can.o(.bss) for CAN1_RX_Buf
    can.o(i.CAN1PutDatatoTxBuf) refers to memcpya.o(.text) for __aeabi_memcpy4
    can.o(i.CAN1PutDatatoTxBuf) refers to can.o(.data) for CAN1_Tx_Head
    can.o(i.CAN1PutDatatoTxBuf) refers to can.o(.bss) for CAN1_TX_Buf
    can.o(i.CAN2GetRxBufDat) refers to can.o(.data) for CAN2_Rx_Head
    can.o(i.CAN2GetRxBufDat) refers to can.o(.bss) for CAN2_RX_Buf
    can.o(i.CAN2GetRxBufLen) refers to can.o(.data) for CAN2_Rx_Head
    can.o(i.CAN2GetTxBufDat) refers to can.o(.data) for CAN2_Tx_Head
    can.o(i.CAN2GetTxBufDat) refers to can.o(.bss) for CAN2_TX_Buf
    can.o(i.CAN2GetTxBufLen) refers to can.o(.data) for CAN2_Tx_Head
    can.o(i.CAN2IsDataInRxBuf) refers to can.o(.data) for CAN2_Rx_Head
    can.o(i.CAN2IsDataInTxBuf) refers to can.o(.data) for CAN2_Tx_Head
    can.o(i.CAN2PutDatatoRxBuf) refers to memcpya.o(.text) for __aeabi_memcpy4
    can.o(i.CAN2PutDatatoRxBuf) refers to can.o(.data) for CAN2_Rx_Head
    can.o(i.CAN2PutDatatoRxBuf) refers to can.o(.bss) for CAN2_RX_Buf
    can.o(i.CAN2PutDatatoTxBuf) refers to memcpya.o(.text) for __aeabi_memcpy4
    can.o(i.CAN2PutDatatoTxBuf) refers to can.o(.data) for CAN2_Tx_Head
    can.o(i.CAN2PutDatatoTxBuf) refers to can.o(.bss) for CAN2_TX_Buf
    can.o(i.CAN_Configuration) refers to stm32f4xx_gpio.o(i.GPIO_PinAFConfig) for GPIO_PinAFConfig
    can.o(i.CAN_Configuration) refers to stm32f4xx_gpio.o(i.GPIO_Init) for GPIO_Init
    can.o(i.CAN_Configuration) refers to stm32f4xx_rcc.o(i.RCC_APB1PeriphClockCmd) for RCC_APB1PeriphClockCmd
    can.o(i.CAN_Configuration) refers to stm32f4xx_can.o(i.CAN_DeInit) for CAN_DeInit
    can.o(i.CAN_Configuration) refers to stm32f4xx_can.o(i.CAN_Init) for CAN_Init
    can.o(i.CAN_Configuration) refers to stm32f4xx_can.o(i.CAN_FilterInit) for CAN_FilterInit
    can.o(i.CAN_Configuration) refers to stm32f4xx_can.o(i.CAN_Transmit) for CAN_Transmit
    can.o(i.CAN_Configuration) refers to stm32f4xx_can.o(i.CAN_ITConfig) for CAN_ITConfig
    can.o(i.SendSINT32ByCan) refers to stm32f4xx_can.o(i.CAN_Transmit) for CAN_Transmit
    can.o(i.SendUCHARByCan) refers to stm32f4xx_can.o(i.CAN_Transmit) for CAN_Transmit
    can.o(i.SendUSHORT16ByCan) refers to stm32f4xx_can.o(i.CAN_Transmit) for CAN_Transmit
    fsmc.o(i.FSMC_Configuration) refers to stm32f4xx_gpio.o(i.GPIO_PinAFConfig) for GPIO_PinAFConfig
    fsmc.o(i.FSMC_Configuration) refers to stm32f4xx_gpio.o(i.GPIO_Init) for GPIO_Init
    fsmc.o(i.FSMC_Configuration) refers to stm32f4xx_fsmc.o(i.FSMC_NORSRAMInit) for FSMC_NORSRAMInit
    fsmc.o(i.FSMC_Configuration) refers to stm32f4xx_fsmc.o(i.FSMC_NORSRAMCmd) for FSMC_NORSRAMCmd
    gpio.o(i.ARM_LED_Configuration) refers to stm32f4xx_gpio.o(i.GPIO_Init) for GPIO_Init
    nvic.o(i.NVIC_Configuration) refers to misc.o(i.NVIC_PriorityGroupConfig) for NVIC_PriorityGroupConfig
    nvic.o(i.NVIC_Configuration) refers to misc.o(i.NVIC_Init) for NVIC_Init
    rcc.o(i.Delay) refers to rcc.o(.data) for TimingDelay
    rcc.o(i.RCC_Configuration) refers to stm32f4xx_rcc.o(i.RCC_AHB1PeriphClockCmd) for RCC_AHB1PeriphClockCmd
    rcc.o(i.RCC_Configuration) refers to stm32f4xx_rcc.o(i.RCC_AHB3PeriphClockCmd) for RCC_AHB3PeriphClockCmd
[...]
    ETH_WKUP_IRQHandler                      0x080001b7   Thumb Code     0  startup_stm32f4xx.o(.text)
    EXTI0_IRQHandler                         0x080001b7   Thumb Code     0  startup_stm32f4xx.o(.text)
    EXTI15_10_IRQHandler                     0x080001b7   Thumb Code     0  startup_stm32f4xx.o(.text)
    EXTI1_IRQHandler                         0x080001b7   Thumb Code     0  startup_stm32f4xx.o(.text)
    EXTI2_IRQHandler                         0x080001b7   Thumb Code     0  startup_stm32f4xx.o(.text)
    EXTI3_IRQHandler                         0x080001b7   Thumb Code     0  startup_stm32f4xx.o(.text)
    EXTI4_IRQHandler                         0x080001b7   Thumb Code     0  startup_stm32f4xx.o(.text)
    EXTI9_5_IRQHandler                       0x080001b7   Thumb Code     0  startup_stm32f4xx.o(.text)
    FLASH_IRQHandler                         0x080001b7   Thumb Code     0  startup_stm32f4xx.o(.text)
    FPU_IRQHandler                           0x080001b7   Thumb Code     0  startup_stm32f4xx.o(.text)
    FSMC_IRQHandler                          0x080001b7   Thumb Code     0  startup_stm32f4xx.o(.text)
    HASH_RNG_IRQHandler                      0x080001b7   Thumb Code     0  startup_stm32f4xx.o(.text)
    I2C1_ER_IRQHandler                       0x080001b7   Thumb Code     0  startup_stm32f4xx.o(.text)
    I2C1_EV_IRQHandler                       0x080001b7   Thumb Code     0  startup_stm32f4xx.o(.text)
    I2C2_ER_IRQHandler                       0x080001b7   Thumb Code     0  startup_stm32f4xx.o(.text)
    I2C2_EV_IRQHandler                       0x080001b7   Thumb Code     0  startup_stm32f4xx.o(.text)
    I2C3_ER_IRQHandler                       0x080001b7   Thumb Code     0  startup_stm32f4xx.o(.text)
    I2C3_EV_IRQHandler                       0x080001b7   Thumb Code     0  startup_stm32f4xx.o(.text)
    OTG_FS_IRQHandler                        0x080001b7   Thumb Code     0  startup_stm32f4xx.o(.text)
    OTG_FS_WKUP_IRQHandler                   0x080001b7   Thumb Code     0  startup_stm32f4xx.o(.text)
    OTG_HS_EP1_IN_IRQHandler                 0x080001b7   Thumb Code     0  startup_stm32f4xx.o(.text)
    OTG_HS_EP1_OUT_IRQHandler                0x080001b7   Thumb Code     0  startup_stm32f4xx.o(.text)
    OTG_HS_IRQHandler                        0x080001b7   Thumb Code     0  startup_stm32f4xx.o(.text)
    OTG_HS_WKUP_IRQHandler                   0x080001b7   Thumb Code     0  startup_stm32f4xx.o(.text)
    PVD_IRQHandler                           0x080001b7   Thumb Code     0  startup_stm32f4xx.o(.text)
    RCC_IRQHandler                           0x080001b7   Thumb Code     0  startup_stm32f4xx.o(.text)
    RTC_Alarm_IRQHandler                     0x080001b7   Thumb Code     0  startup_stm32f4xx.o(.text)
    RTC_WKUP_IRQHandler                      0x080001b7   Thumb Code     0  startup_stm32f4xx.o(.text)
    SDIO_IRQHandler                          0x080001b7   Thumb Code     0  startup_stm32f4xx.o(.text)
    SPI1_IRQHandler                          0x080001b7   Thumb Code     0  startup_stm32f4xx.o(.text)
    SPI2_IRQHandler                          0x080001b7   Thumb Code     0  startup_stm32f4xx.o(.text)
    SPI3_IRQHandler                          0x080001b7   Thumb Code     0  startup_stm32f4xx.o(.text)
    TAMP_STAMP_IRQHandler                    0x080001b7   Thumb Code     0  startup_stm32f4xx.o(.text)
    TIM1_BRK_TIM9_IRQHandler                 0x080001b7   Thumb Code     0  startup_stm32f4xx.o(.text)
    TIM1_CC_IRQHandler                       0x080001b7   Thumb Code     0  startup_stm32f4xx.o(.text)
    TIM1_TRG_COM_TIM11_IRQHandler            0x080001b7   Thumb Code     0  startup_stm32f4xx.o(.text)
    TIM1_UP_TIM10_IRQHandler                 0x080001b7   Thumb Code     0  startup_stm32f4xx.o(.text)
    TIM2_IRQHandler                          0x080001b7   Thumb Code     0  startup_stm32f4xx.o(.text)
    TIM4_IRQHandler                          0x080001b7   Thumb Code     0  startup_stm32f4xx.o(.text)
    TIM5_IRQHandler                          0x080001b7   Thumb Code     0  startup_stm32f4xx.o(.text)
    TIM6_DAC_IRQHandler                      0x080001b7   Thumb Code     0  startup_stm32f4xx.o(.text)
    TIM7_IRQHandler                          0x080001b7   Thumb Code     0  startup_stm32f4xx.o(.text)
    TIM8_BRK_TIM12_IRQHandler                0x080001b7   Thumb Code     0  startup_stm32f4xx.o(.text)
    TIM8_CC_IRQHandler                       0x080001b7   Thumb Code     0  startup_stm32f4xx.o(.text)
    TIM8_TRG_COM_TIM14_IRQHandler            0x080001b7   Thumb Code     0  startup_stm32f4xx.o(.text)
    TIM8_UP_TIM13_IRQHandler                 0x080001b7   Thumb Code     0  startup_stm32f4xx.o(.text)
    UART4_IRQHandler                         0x080001b7   Thumb Code     0  startup_stm32f4xx.o(.text)
    UART5_IRQHandler                         0x080001b7   Thumb Code     0  startup_stm32f4xx.o(.text)
    USART3_IRQHandler                        0x080001b7   Thumb Code     0  startup_stm32f4xx.o(.text)
    WWDG_IRQHandler                          0x080001b7   Thumb Code     0  startup_stm32f4xx.o(.text)
    OS_CPU_SR_Save                           0x080001c1   Thumb Code     0  os_cpu_a.o(.text)
    OS_CPU_SR_Restore                        0x080001c9   Thumb Code     0  os_cpu_a.o(.text)
    OSStartHighRdy                           0x080001cf   Thumb Code     0  os_cpu_a.o(.text)
    OSCtxSw                                  0x080001ef   Thumb Code     0  os_cpu_a.o(.text)
    OSIntCtxSw                               0x080001f9   Thumb Code     0  os_cpu_a.o(.text)
    PendSV_Handler                           0x08000203   Thumb Code     0  os_cpu_a.o(.text)
    __aeabi_memcpy                           0x08000265   Thumb Code    36  memcpya.o(.text)
    __aeabi_memcpy4                          0x08000265   Thumb Code     0  memcpya.o(.text)
    __aeabi_memcpy8                          0x08000265   Thumb Code     0  memcpya.o(.text)
    __aeabi_fadd                             0x08000289   Thumb Code   164  fadd.o(.text)
    __aeabi_fsub                             0x0800032d   Thumb Code     6  fadd.o(.text)
    __aeabi_frsub                            0x08000333   Thumb Code     6  fadd.o(.text)
    __aeabi_fmul                             0x08000339   Thumb Code   108  fmul.o(.text)
    __aeabi_fdiv                             0x080003a5   Thumb Code   128  fdiv.o(.text)
    __aeabi_dadd                             0x08000425   Thumb Code   320  dadd.o(.text)
    __aeabi_dsub                             0x08000565   Thumb Code     6  dadd.o(.text)
    __aeabi_drsub                            0x0800056b   Thumb Code     6  dadd.o(.text)
    __aeabi_dmul                             0x08000571   Thumb Code   224  dmul.o(.text)
    __aeabi_ddiv                             0x08000651   Thumb Code   222  ddiv.o(.text)
    __aeabi_i2f                              0x0800072f   Thumb Code    18  fflti.o(.text)
    __aeabi_ui2f                             0x08000741   Thumb Code    10  ffltui.o(.text)
    __aeabi_i2d                              0x0800074b   Thumb Code    34  dflti.o(.text)
    __aeabi_ui2d                             0x0800076d   Thumb Code    26  dfltui.o(.text)
    __aeabi_f2iz                             0x08000787   Thumb Code    50  ffixi.o(.text)
    __aeabi_f2uiz                            0x080007b9   Thumb Code    40  ffixui.o(.text)
    __aeabi_d2iz                             0x080007e1   Thumb Code    62  dfixi.o(.text)
    __aeabi_d2uiz                            0x0800081f   Thumb Code    46  dfixui.o(.text)
    __aeabi_f2d                              0x0800084d   Thumb Code    44  f2d.o(.text)
    __aeabi_cdcmpeq                          0x08000879   Thumb Code     0  cdcmple.o(.text)
    __aeabi_cdcmple                          0x08000879   Thumb Code    38  cdcmple.o(.text)
    __aeabi_cdrcmple                         0x080008a1   Thumb Code    38  cdrcmple.o(.text)
    __aeabi_d2f                              0x080008c9   Thumb Code    56  d2f.o(.text)
    __aeabi_cfcmpeq                          0x08000901   Thumb Code     0  cfcmple.o(.text)
    __aeabi_cfcmple                          0x08000901   Thumb Code    20  cfcmple.o(.text)
    __aeabi_cfrcmple                         0x08000915   Thumb Code    20  cfrcmple.o(.text)
    __aeabi_uidiv                            0x08000929   Thumb Code     0  uidiv.o(.text)
    __aeabi_uidivmod                         0x08000929   Thumb Code    44  uidiv.o(.text)
    __aeabi_uldivmod                         0x08000955   Thumb Code    98  uldiv.o(.text)
    __aeabi_llsl                             0x080009b7   Thumb Code    30  llshl.o(.text)
    _ll_shift_l                              0x080009b7   Thumb Code     0  llshl.o(.text)
    __aeabi_llsr                             0x080009d5   Thumb Code    32  llushr.o(.text)
    _ll_ushift_r                             0x080009d5   Thumb Code     0  llushr.o(.text)
    __aeabi_lasr                             0x080009f5   Thumb Code    36  llsshr.o(.text)
    _ll_sshift_r                             0x080009f5   Thumb Code     0  llsshr.o(.text)
    __I$use$fp                               0x08000a19   Thumb Code     0  iusefp.o(.text)
    _float_round                             0x08000a19   Thumb Code    18  fepilogue.o(.text)
    _float_epilogue                          0x08000a2b   Thumb Code    90  fepilogue.o(.text)
    _double_round                            0x08000a85   Thumb Code    26  depilogue.o(.text)
    _double_epilogue                         0x08000a9f   Thumb Code   164  depilogue.o(.text)
    __ARM_scalbn                             0x08000b43   Thumb Code    46  dscalb.o(.text)
    scalbn                                   0x08000b43   Thumb Code     0  dscalb.o(.text)
    _dsqrt                                   0x08000b71   Thumb Code   162  dsqrt.o(.text)
    __aeabi_d2ulz                            0x08000c13   Thumb Code    48  dfixul.o(.text)
    __scatterload                            0x08000c45   Thumb Code    28  init.o(.text)
    __scatterload_rt2                        0x08000c45   Thumb Code     0  init.o(.text)
    __decompress                             0x08000c69   Thumb Code     0  __dczerorl2.o(.text)
    __decompress1                            0x08000c69   Thumb Code    92  __dczerorl2.o(.text)
    ARM_LED_Configuration                    0x08000cc5   Thumb Code    50  gpio.o(i.ARM_LED_Configuration)
    ActionMotorCtrlTask                      0x08000cfd   Thumb Code   676  robotctrl.o(i.ActionMotorCtrlTask)
    AutoBaseVeltAllocate                     0x08000fcd   Thumb Code   282  privatefunction.o(i.AutoBaseVeltAllocate)
    BaseCtrlTask                             0x08001469   Thumb Code   478  robotctrl.o(i.BaseCtrlTask)
    BlueFlashPage1                           0x0800165d   Thumb Code   150  robotctrl.o(i.BlueFlashPage1)
    BlueFlashPage2                           0x08001721   Thumb Code   150  robotctrl.o(i.BlueFlashPage2)
    BlueFlashPage3                           0x080017e5   Thumb Code   150  robotctrl.o(i.BlueFlashPage3)
    BlueFlashPage4                           0x080018a9   Thumb Code   150  robotctrl.o(i.BlueFlashPage4)
    BlueFlashPage5                           0x08001969   Thumb Code   150  robotctrl.o(i.BlueFlashPage5)
    BlueFlashPage6                           0x08001a29   Thumb Code   150  robotctrl.o(i.BlueFlashPage6)
    BusFault_Handler                         0x08001ae9   Thumb Code     4  stm32f4xx_it.o(i.BusFault_Handler)
    CAN1BeginSend                            0x08001aed   Thumb Code    14  can.o(i.CAN1BeginSend)
    CAN1GetTxBufDat                          0x08001b01   Thumb Code    42  can.o(i.CAN1GetTxBufDat)
    CAN1IsDataInTxBuf                        0x08001b39   Thumb Code    20  can.o(i.CAN1IsDataInTxBuf)
    CAN1PutDatatoRxBuf                       0x08001b55   Thumb Code    42  can.o(i.CAN1PutDatatoRxBuf)
    CAN1StopSend                             0x08001b89   Thumb Code    14  can.o(i.CAN1StopSend)
    CAN1_RX0_IRQHandler                      0x08001b9d   Thumb Code    52  stm32f4xx_it.o(i.CAN1_RX0_IRQHandler)
    CAN1_TX_IRQHandler                       0x08001bd9   Thumb Code    60  stm32f4xx_it.o(i.CAN1_TX_IRQHandler)
    CAN2BeginSend                            0x08001c1d   Thumb Code    14  can.o(i.CAN2BeginSend)
    CAN2GetRxBufDat                          0x08001c31   Thumb Code    42  can.o(i.CAN2GetRxBufDat)
    CAN2GetTxBufDat                          0x08001c69   Thumb Code    42  can.o(i.CAN2GetTxBufDat)
    CAN2IsDataInRxBuf                        0x08001ca1   Thumb Code    20  can.o(i.CAN2IsDataInRxBuf)
    CAN2IsDataInTxBuf                        0x08001cbd   Thumb Code    20  can.o(i.CAN2IsDataInTxBuf)
    CAN2PutDatatoRxBuf                       0x08001cd9   Thumb Code    42  can.o(i.CAN2PutDatatoRxBuf)
    CAN2PutDatatoTxBuf                       0x08001d0d   Thumb Code    54  can.o(i.CAN2PutDatatoTxBuf)
    CAN2StopSend                             0x08001d51   Thumb Code    14  can.o(i.CAN2StopSend)
    CAN2_RX0_IRQHandler                      0x08001d65   Thumb Code    52  stm32f4xx_it.o(i.CAN2_RX0_IRQHandler)
    CAN2_TX_IRQHandler                       0x08001da1   Thumb Code    60  stm32f4xx_it.o(i.CAN2_TX_IRQHandler)
    CAN_Configuration                        0x08001de5   Thumb Code   344  can.o(i.CAN_Configuration)
    CAN_DeInit                               0x08001f49   Thumb Code    50  stm32f4xx_can.o(i.CAN_DeInit)
    CAN_FilterInit                           0x08001f81   Thumb Code   238  stm32f4xx_can.o(i.CAN_FilterInit)
    CAN_ITConfig                             0x08002089   Thumb Code    22  stm32f4xx_can.o(i.CAN_ITConfig)
    CAN_Init                                 0x0800209f   Thumb Code   304  stm32f4xx_can.o(i.CAN_Init)
    CAN_Receive                              0x080021cf   Thumb Code   254  stm32f4xx_can.o(i.CAN_Receive)
    CAN_Transmit                             0x080022cd   Thumb Code   318  stm32f4xx_can.o(i.CAN_Transmit)
    CalAngle                                 0x0800240d   Thumb Code   178  hitcrt_algorithm.o(i.CalAngle)
    CalNormalProjection                      0x080024d1   Thumb Code   108  hitcrt_algorithm.o(i.CalNormalProjection)
    CalPIDIS                                 0x0800253d   Thumb Code   196  hitcrt_algorithm.o(i.CalPIDIS)
    CalPage                                  0x08002601   Thumb Code   270  robotctrl.o(i.CalPage)
    CalPosPID                                0x08002751   Thumb Code   262  motorctrl.o(i.CalPosPID)
    CalRadialProjection                      0x08002857   Thumb Code   106  hitcrt_algorithm.o(i.CalRadialProjection)
    CalVelt                                  0x080028c1   Thumb Code   214  motorctrl.o(i.CalVelt)
    CanTask                                  0x0800299d   Thumb Code   370  robotctrl.o(i.CanTask)
    ChipHalInit                              0x08002c4f   Thumb Code    44  hal.o(i.ChipHalInit)
    ChipOutHalInit                           0x08002c7b   Thumb Code     2  hal.o(i.ChipOutHalInit)
    Clip                                     0x08002c7d   Thumb Code    22  hitcrt_algorithm.o(i.Clip)
    ClipFloat                                0x08002c93   Thumb Code    40  hitcrt_algorithm.o(i.ClipFloat)
    CoderPage1                               0x08002cbd   Thumb Code   232  robotctrl.o(i.CoderPage1)
    CoderPage2                               0x08002e1d   Thumb Code   234  robotctrl.o(i.CoderPage2)
    CommuInterrupt_Irq                       0x08002f7d   Thumb Code   302  robotctrl.o(i.CommuInterrupt_Irq)
    ConvertAngle                             0x080030c5   Thumb Code    72  hitcrt_algorithm.o(i.ConvertAngle)
    ConvertDeg                               0x08003119   Thumb Code    42  hitcrt_algorithm.o(i.ConvertDeg)
    CopyFloatSlowly                          0x08003143   Thumb Code   112  motorctrl.o(i.CopyFloatSlowly)
    CopyIntSlowly                            0x080031b3   Thumb Code    52  motorctrl.o(i.CopyIntSlowly)
    CopyIntSlowlyEx                          0x080031e7   Thumb Code    56  motorctrl.o(i.CopyIntSlowlyEx)
    CreateCommObj                            0x08003221   Thumb Code    94  robotctrl.o(i.CreateCommObj)
    DebugMon_Handler                         0x08003285   Thumb Code     2  stm32f4xx_it.o(i.DebugMon_Handler)
    Define_Comm_Objs                         0x08003287   Thumb Code    20  robotctrl.o(i.Define_Comm_Objs)
    DesRobotV                                0x0800329b   Thumb Code   208  privatefunction.o(i.DesRobotV)
    DetectTask                               0x0800336d   Thumb Code  4562  robotctrl.o(i.DetectTask)
    DiffAutoPotLoopCtrl                      0x0800454d   Thumb Code   430  motorctrl.o(i.DiffAutoPotLoopCtrl)
    DiffAutoVeltDis                          0x080046fd   Thumb Code  2914  motorctrl.o(i.DiffAutoVeltDis)
    DispatchTask                             0x08005279   Thumb Code 22880  robotctrl.o(i.DispatchTask)
    DoubleVerticalOMNILocateEx1              0x0800ac11   Thumb Code   660  location.o(i.DoubleVerticalOMNILocateEx1)
    FLASH_ClearFlag                          0x0800aee1   Thumb Code     6  stm32f4xx_flash.o(i.FLASH_ClearFlag)
    FLASH_EraseSector                        0x0800aeed   Thumb Code   142  stm32f4xx_flash.o(i.FLASH_EraseSector)
    FLASH_GetStatus                          0x0800af81   Thumb Code    78  stm32f4xx_flash.o(i.FLASH_GetStatus)
    FLASH_Lock                               0x0800afd5   Thumb Code    14  stm32f4xx_flash.o(i.FLASH_Lock)
    FLASH_ProgramWord                        0x0800afe9   Thumb Code    76  stm32f4xx_flash.o(i.FLASH_ProgramWord)
    FLASH_Unlock                             0x0800b039   Thumb Code    22  stm32f4xx_flash.o(i.FLASH_Unlock)
    FLASH_WaitForLastOperation               0x0800b061   Thumb Code    28  stm32f4xx_flash.o(i.FLASH_WaitForLastOperation)
    FSMC_Configuration                       0x0800b07d   Thumb Code   574  fsmc.o(i.FSMC_Configuration)
    FSMC_NORSRAMCmd                          0x0800b2cd   Thumb Code    48  stm32f4xx_fsmc.o(i.FSMC_NORSRAMCmd)
    FSMC_NORSRAMInit                         0x0800b301   Thumb Code   252  stm32f4xx_fsmc.o(i.FSMC_NORSRAMInit)
    FindUCHAR8Max                            0x0800b3fd   Thumb Code    36  privatefunction.o(i.FindUCHAR8Max)
    FindUCHAR8Min                            0x0800b421   Thumb Code    38  privatefunction.o(i.FindUCHAR8Min)
    GPIO_Configuration                       0x0800b449   Thumb Code   344  gpio.o(i.GPIO_Configuration)
    GPIO_Init                                0x0800b5c9   Thumb Code   202  stm32f4xx_gpio.o(i.GPIO_Init)
    GPIO_PinAFConfig                         0x0800b693   Thumb Code    94  stm32f4xx_gpio.o(i.GPIO_PinAFConfig)
    GetCurTime                               0x0800b6f1   Thumb Code    16  privatefunction.o(i.GetCurTime)
    GetOneInt32                              0x0800b705   Thumb Code    10  flashsave.o(i.GetOneInt32)
    GetOneShort16                            0x0800b715   Thumb Code    12  flashsave.o(i.GetOneShort16)
    HardFault_Handler                        0x0800b725   Thumb Code     4  stm32f4xx_it.o(i.HardFault_Handler)
    HorMotorBluePage                         0x0800b729   Thumb Code   150  robotctrl.o(i.HorMotorBluePage)
    HorMotorRedPage                          0x0800b7fd   Thumb Code    62  robotctrl.o(i.HorMotorRedPage)
    InitLcd                                  0x0800b851   Thumb Code     2  hitcrt_api.o(i.InitLcd)
    InitMode                                 0x0800b855   Thumb Code  1608  robotctrl.o(i.InitMode)
    InitTask                                 0x0800becd   Thumb Code   234  robotctrl.o(i.InitTask)
    IrComm1GetRxBufDat                       0x0800c015   Thumb Code    34  ircomm.o(i.IrComm1GetRxBufDat)
    IrComm1IsDataInRxBuf                     0x0800c045   Thumb Code    20  ircomm.o(i.IrComm1IsDataInRxBuf)
    IrComm1PutDataToRxBuf                    0x0800c061   Thumb Code    20  ircomm.o(i.IrComm1PutDataToRxBuf)
    LcdClear                                 0x0800c07d   Thumb Code    60  robotctrl.o(i.LcdClear)
    LcdDispTask                              0x0800c0cd   Thumb Code   282  robotctrl.o(i.LcdDispTask)
    LineFilterPage                           0x0800c1f9   Thumb Code   248  robotctrl.o(i.LineFilterPage)
    LowSpeedPage                             0x0800c2fd   Thumb Code   928  robotctrl.o(i.LowSpeedPage)
    ManualBaseVeltAllocate                   0x0800c8d1   Thumb Code   334  privatefunction.o(i.ManualBaseVeltAllocate)
    ManualPage                               0x0800ca2d   Thumb Code   364  robotctrl.o(i.ManualPage)
    MemManage_Handler                        0x0800cbed   Thumb Code     4  stm32f4xx_it.o(i.MemManage_Handler)
    ModeSelectPage                           0x0800cbf1   Thumb Code   580  robotctrl.o(i.ModeSelectPage)
    MotorCoderPage3                          0x0800cff5   Thumb Code   354  robotctrl.o(i.MotorCoderPage3)
    MotorPwmPage                             0x0800d1b1   Thumb Code   194  robotctrl.o(i.MotorPwmPage)
    MotorVeltDesPage                         0x0800d2cd   Thumb Code   218  robotctrl.o(i.MotorVeltDesPage)
    NMI_Handler                              0x0800d405   Thumb Code     2  stm32f4xx_it.o(i.NMI_Handler)
    NVIC_Configuration                       0x0800d407   Thumb Code   250  nvic.o(i.NVIC_Configuration)
    NVIC_Init                                0x0800d501   Thumb Code   136  misc.o(i.NVIC_Init)
    NVIC_PriorityGroupConfig                 0x0800d595   Thumb Code    12  misc.o(i.NVIC_PriorityGroupConfig)
    NavLineEx1                               0x0800d5a9   Thumb Code  1048  navigation.o(i.NavLineEx1)
    NavTask                                  0x0800d9c1   Thumb Code   386  robotctrl.o(i.NavTask)
    OSInit                                   0x0800db7d   Thumb Code    32  os_core.o(i.OSInit)
    OSInitHookBegin                          0x0800db9d   Thumb Code     2  os_cpu_c.o(i.OSInitHookBegin)
    OSInitHookEnd                            0x0800db9f   Thumb Code     2  os_cpu_c.o(i.OSInitHookEnd)
    OSIntExit                                0x0800dba1   Thumb Code   106  os_core.o(i.OSIntExit)
    OSStart                                  0x0800dc2d   Thumb Code    48  os_core.o(i.OSStart)
    OSTCBInitHook                            0x0800dc75   Thumb Code     2  os_cpu_c.o(i.OSTCBInitHook)
    OSTaskCreate                             0x0800dc79   Thumb Code   158  os_task.o(i.OSTaskCreate)
    OSTaskCreateHook                         0x0800dd25   Thumb Code     2  os_cpu_c.o(i.OSTaskCreateHook)
    OSTaskIdleHook                           0x0800dd27   Thumb Code     2  os_cpu_c.o(i.OSTaskIdleHook)
    OSTaskNameSet                            0x0800dd29   Thumb Code   140  os_task.o(i.OSTaskNameSet)
    OSTaskStkInit                            0x0800ddc1   Thumb Code   186  os_cpu_c.o(i.OSTaskStkInit)
    OSTaskSwHook                             0x0800de7b   Thumb Code     2  os_cpu_c.o(i.OSTaskSwHook)
    OSTimeDly                                0x0800de7d   Thumb Code    96  os_time.o(i.OSTimeDly)
    OSTimeTick                               0x0800deed   Thumb Code   220  os_core.o(i.OSTimeTick)
    OSTimeTickHook                           0x0800dfe1   Thumb Code     2  os_cpu_c.o(i.OSTimeTickHook)
    OS_MemClr                                0x0800e181   Thumb Code    22  os_core.o(i.OS_MemClr)
    OS_Sched                                 0x0800e199   Thumb Code    78  os_core.o(i.OS_Sched)
    OS_StrCopy                               0x0800e231   Thumb Code    32  os_core.o(i.OS_StrCopy)
    OS_StrLen                                0x0800e251   Thumb Code    26  os_core.o(i.OS_StrLen)
    OS_TCBInit                               0x0800e26d   Thumb Code   248  os_core.o(i.OS_TCBInit)
    OS_TaskIdle                              0x0800e37d   Thumb Code    36  os_core.o(i.OS_TaskIdle)
    OtherFlashPage                           0x0800e3a5   Thumb Code   182  robotctrl.o(i.OtherFlashPage)
    PotDoubleLoopCtrl                        0x0800e481   Thumb Code   134  motorctrl.o(i.PotDoubleLoopCtrl)
    PrintChar                                0x0800e509   Thumb Code    80  hitcrt_api.o(i.PrintChar)
    PrintInt                                 0x0800e561   Thumb Code   114  hitcrt_api.o(i.PrintInt)
    PutCur                                   0x0800e5e5   Thumb Code    32  hitcrt_api.o(i.PutCur)
    RCC_AHB1PeriphClockCmd                   0x0800e609   Thumb Code    30  stm32f4xx_rcc.o(i.RCC_AHB1PeriphClockCmd)
    RCC_AHB3PeriphClockCmd                   0x0800e62d   Thumb Code    30  stm32f4xx_rcc.o(i.RCC_AHB3PeriphClockCmd)
    RCC_APB1PeriphClockCmd                   0x0800e651   Thumb Code    30  stm32f4xx_rcc.o(i.RCC_APB1PeriphClockCmd)
    RCC_APB1PeriphResetCmd                   0x0800e675   Thumb Code    30  stm32f4xx_rcc.o(i.RCC_APB1PeriphResetCmd)
    RCC_APB2PeriphClockCmd                   0x0800e699   Thumb Code    30  stm32f4xx_rcc.o(i.RCC_APB2PeriphClockCmd)
    RCC_Configuration                        0x0800e6bd   Thumb Code   132  rcc.o(i.RCC_Configuration)
    RCC_GetClocksFreq                        0x0800e74d   Thumb Code   222  stm32f4xx_rcc.o(i.RCC_GetClocksFreq)
    RcvMEMSGryo                              0x0800e841   Thumb Code   112  privatefunction.o(i.RcvMEMSGryo)
    ReadKeyTask                              0x0800e8b9   Thumb Code  6722  robotctrl.o(i.ReadKeyTask)
    ReadRobotFpVy                            0x08010321   Thumb Code   320  privatefunction.o(i.ReadRobotFpVy)
    RedFlashPage1                            0x08010481   Thumb Code   150  robotctrl.o(i.RedFlashPage1)
    RedFlashPage2                            0x08010545   Thumb Code   150  robotctrl.o(i.RedFlashPage2)
    RedFlashPage3                            0x08010609   Thumb Code   150  robotctrl.o(i.RedFlashPage3)
    RedFlashPage4                            0x080106cd   Thumb Code   150  robotctrl.o(i.RedFlashPage4)
    RedFlashPage5                            0x0801078d   Thumb Code   150  robotctrl.o(i.RedFlashPage5)
    RedFlashPage6                            0x0801084d   Thumb Code   150  robotctrl.o(i.RedFlashPage6)
    RetVisionLineValue                       0x0801090d   Thumb Code   254  privatefunction.o(i.RetVisionLineValue)
    Round                                    0x08010a19   Thumb Code    68  hitcrt_algorithm.o(i.Round)
    SVC_Handler                              0x08010a61   Thumb Code     2  stm32f4xx_it.o(i.SVC_Handler)
    SaveAllWord32                            0x08010a65   Thumb Code   124  flashsave.o(i.SaveAllWord32)
    SaveOneWord32                            0x08010af5   Thumb Code   182  flashsave.o(i.SaveOneWord32)
    SendAirMsgByCan2                         0x08010bc1   Thumb Code    48  can_api.o(i.SendAirMsgByCan2)
    SendLineCfgCmdMsgByCan2                  0x08010bf9   Thumb Code   162  can_api.o(i.SendLineCfgCmdMsgByCan2)
    SendLineCmdMsgByCan2                     0x08010ca1   Thumb Code    80  can_api.o(i.SendLineCmdMsgByCan2)
    SensorPage                               0x08010cf5   Thumb Code   250  robotctrl.o(i.SensorPage)
    SetPathEndPosEx                          0x08010e31   Thumb Code   154  motorctrl.o(i.SetPathEndPosEx)
    StartMEMSGryo                            0x08010fa9   Thumb Code    34  privatefunction.o(i.StartMEMSGryo)
    StopMEMSGryo                             0x08010fd1   Thumb Code    34  privatefunction.o(i.StopMEMSGryo)
    SysTick_Handler                          0x08010ff9   Thumb Code    72  stm32f4xx_it.o(i.SysTick_Handler)
    SystemInit                               0x0801104d   Thumb Code    78  system_stm32f4xx.o(i.SystemInit)
    TIM3_IRQHandler                          0x080110b5   Thumb Code    32  stm32f4xx_it.o(i.TIM3_IRQHandler)
    TIM_Cmd                                  0x080110d9   Thumb Code    26  stm32f4xx_tim.o(i.TIM_Cmd)
    TIM_Configuration                        0x080110f5   Thumb Code   126  tim.o(i.TIM_Configuration)
    TIM_SelectInputTrigger                   0x08011179   Thumb Code    24  stm32f4xx_tim.o(i.TIM_SelectInputTrigger)
    TIM_SelectMasterSlaveMode                0x08011191   Thumb Code    22  stm32f4xx_tim.o(i.TIM_SelectMasterSlaveMode)
    TIM_SelectOutputTrigger                  0x080111a7   Thumb Code    22  stm32f4xx_tim.o(i.TIM_SelectOutputTrigger)
    TIM_SelectSlaveMode                      0x080111bd   Thumb Code    22  stm32f4xx_tim.o(i.TIM_SelectSlaveMode)
    TIM_TimeBaseInit                         0x080111d5   Thumb Code   116  stm32f4xx_tim.o(i.TIM_TimeBaseInit)
    TestLinePage                             0x08011265   Thumb Code   192  robotctrl.o(i.TestLinePage)
    TestVisionPage                           0x0801137d   Thumb Code   268  robotctrl.o(i.TestVisionPage)
    TurnAction_M1                            0x080114b5   Thumb Code    74  robotctrl.o(i.TurnAction_M1)
    TurnAction_M2                            0x0801150d   Thumb Code    70  robotctrl.o(i.TurnAction_M2)
    TurnAction_M3                            0x0801155d   Thumb Code    70  robotctrl.o(i.TurnAction_M3)
    TurnBASE_WA                              0x080115ad   Thumb Code    74  robotctrl.o(i.TurnBASE_WA)
    TurnBASE_WB                              0x08011605   Thumb Code    70  robotctrl.o(i.TurnBASE_WB)
    TurnBASE_WC                              0x08011655   Thumb Code    74  robotctrl.o(i.TurnBASE_WC)
    UART1_Configuration                      0x080116ad   Thumb Code   174  uart.o(i.UART1_Configuration)
    UART2_Configuration                      0x08011765   Thumb Code   174  uart.o(i.UART2_Configuration)
    UART6_Configuration                      0x0801181d   Thumb Code   174  uart.o(i.UART6_Configuration)
    USART1_IRQHandler                        0x080118d5   Thumb Code    66  stm32f4xx_it.o(i.USART1_IRQHandler)
    USART2_IRQHandler                        0x08011925   Thumb Code    72  stm32f4xx_it.o(i.USART2_IRQHandler)
    USART6_IRQHandler                        0x08011979   Thumb Code    70  stm32f4xx_it.o(i.USART6_IRQHandler)
    USART_ClearFlag                          0x080119cd   Thumb Code    20  stm32f4xx_usart.o(i.USART_ClearFlag)
    USART_Cmd                                0x080119e1   Thumb Code    26  stm32f4xx_usart.o(i.USART_Cmd)
    USART_GetFlagStatus                      0x080119fb   Thumb Code    32  stm32f4xx_usart.o(i.USART_GetFlagStatus)
    USART_GetITStatus                        0x08011a1b   Thumb Code   104  stm32f4xx_usart.o(i.USART_GetITStatus)
    USART_ITConfig                           0x08011a83   Thumb Code    88  stm32f4xx_usart.o(i.USART_ITConfig)
    USART_Init                               0x08011add   Thumb Code   240  stm32f4xx_usart.o(i.USART_Init)
    USART_OverSampling8Cmd                   0x08011bd5   Thumb Code    22  stm32f4xx_usart.o(i.USART_OverSampling8Cmd)
    USART_ReceiveData                        0x08011beb   Thumb Code    10  stm32f4xx_usart.o(i.USART_ReceiveData)
    USART_SendData                           0x08011bf5   Thumb Code     8  stm32f4xx_usart.o(i.USART_SendData)
    UpdateLineValue                          0x08011bfd   Thumb Code   274  can_api.o(i.UpdateLineValue)
    UpdateRadarValue                         0x08011d31   Thumb Code    58  can_api.o(i.UpdateRadarValue)
    UpdateSwitchValue                        0x08011d75   Thumb Code     8  can_api.o(i.UpdateSwitchValue)
    UsageFault_Handler                       0x08011d7d   Thumb Code     4  stm32f4xx_it.o(i.UsageFault_Handler)
    VeltLoopCtrl                             0x08011d81   Thumb Code    72  motorctrl.o(i.VeltLoopCtrl)
    __0sprintf                               0x08011dc9   Thumb Code    34  printfa.o(i.__0sprintf)
    __1sprintf                               0x08011dc9   Thumb Code     0  printfa.o(i.__0sprintf)
    __2sprintf                               0x08011dc9   Thumb Code     0  printfa.o(i.__0sprintf)
    __c89sprintf                             0x08011dc9   Thumb Code     0  printfa.o(i.__0sprintf)
    sprintf                                  0x08011dc9   Thumb Code     0  printfa.o(i.__0sprintf)
    __ARM_fpclassify                         0x08011df1   Thumb Code    40  fpclassify.o(i.__ARM_fpclassify)
    __ieee754_rem_pio2                       0x08011e19   Thumb Code   828  rred.o(i.__ieee754_rem_pio2)
    __kernel_cos                             0x0801219d   Thumb Code   230  cos_i.o(i.__kernel_cos)
    __kernel_poly                            0x08012299   Thumb Code   170  poly.o(i.__kernel_poly)
    __kernel_sin                             0x08012345   Thumb Code   226  sin_i.o(i.__kernel_sin)
    __mathlib_dbl_underflow                  0x08012435   Thumb Code    10  dunder.o(i.__mathlib_dbl_underflow)
    __scatterload_copy                       0x08012445   Thumb Code    14  handlers.o(i.__scatterload_copy)
    __scatterload_null                       0x08012453   Thumb Code     2  handlers.o(i.__scatterload_null)
    __scatterload_zeroinit                   0x08012455   Thumb Code    14  handlers.o(i.__scatterload_zeroinit)
    __set_errno                              0x08012465   Thumb Code     6  errno.o(i.__set_errno)
    atan                                     0x08012d29   Thumb Code   480  atan.o(i.atan)
    cos                                      0x08012f4d   Thumb Code   162  cos.o(i.cos)
    main                                     0x08012ff9   Thumb Code    32  robotctrl.o(i.main)
    malloc                                   0x08013021   Thumb Code    92  malloc.o(i.malloc)
    sin                                      0x0801308d   Thumb Code   166  sin.o(i.sin)
    sqrt                                     0x0801313d   Thumb Code    76  sqrt.o(i.sqrt)
    g_ucTotalMode                            0x08013188   Data           1  robotctrl.o(.constdata)
    g_ucLineMidValue                         0x08013189   Data           1  robotctrl.o(.constdata)
    g_ucLineMinValue                         0x0801318a   Data           1  robotctrl.o(.constdata)
    g_ucLineMaxValue                         0x0801318b   Data           1  robotctrl.o(.constdata)
    g_ucMC_CntTime                           0x0801318c   Data           1  robotctrl.o(.constdata)
    g_ucTotalLcdPage                         0x0801318d   Data           1  robotctrl.o(.constdata)
    OSUnMapTbl                               0x080131b8   Data         256  os_core.o(.constdata)
    Region$$Table$$Base                      0x08013470   Number         0  anon$$obj.o(Region$$Table)
    Region$$Table$$Limit                     0x08013490   Number         0  anon$$obj.o(Region$$Table)
    CAN1_Rx_Head                             0x20000000   Data           4  can.o(.data)
    CAN1_Rx_Tail                             0x20000004   Data           4  can.o(.data)
    CAN1_Tx_Head                             0x20000008   Data           4  can.o(.data)
    CAN1_Tx_Tail                             0x2000000c   Data           4  can.o(.data)
    CAN2_Rx_Head                             0x20000010   Data           4  can.o(.data)
    CAN2_Rx_Tail                             0x20000014   Data           4  can.o(.data)
    CAN2_Tx_Head                             0x20000018   Data           4  can.o(.data)
    CAN2_Tx_Tail                             0x2000001c   Data           4  can.o(.data)
    Timer1                                   0x20000024   Data           2  rcc.o(.data)
    Timer2                                   0x20000026   Data           2  rcc.o(.data)
    s_ucCur                                  0x20000028   Data           1  hitcrt_api.o(.data)
    i                                        0x2000002c   Data           4  flashsave.o(.data)
    g_usSwitchCan                            0x20000040   Data           2  can_api.o(.data)
    g_ucAirValveCan                          0x20000042   Data           1  can_api.o(.data)
    g_ucServoCan                             0x20000043   Data           4  can_api.o(.data)
    g_ucLineCan                              0x20000047   Data           4  can_api.o(.data)
    g_ucRetSpeedCan                          0x2000004b   Data           4  can_api.o(.data)
    g_ucRetSendIDCan                         0x2000004f   Data           4  can_api.o(.data)
    g_ucRetRcvIDCan                          0x20000053   Data           4  can_api.o(.data)
    g_ucRetLightForceCan                     0x20000057   Data           4  can_api.o(.data)
    g_ucRetCalibrateCan                      0x2000005b   Data           4  can_api.o(.data)
    g_ucRetFieldInfoCan                      0x2000005f   Data           4  can_api.o(.data)
    g_stRadarPosCan                          0x20000064   Data          12  can_api.o(.data)
    g_stCalPosCan                            0x20000070   Data           4  can_api.o(.data)
    Ir1MsgTxHead                             0x200000e0   Data           4  ircomm.o(.data)
    Ir1MsgTxTail                             0x200000e4   Data           4  ircomm.o(.data)
    Ir2MsgTxHead                             0x200000e8   Data           4  ircomm.o(.data)
    Ir2MsgTxTail                             0x200000ec   Data           4  ircomm.o(.data)
    IrComm1RxHead                            0x200000f0   Data           4  ircomm.o(.data)
    IrComm1RxTail                            0x200000f4   Data           4  ircomm.o(.data)
    IrComm1TxHead                            0x200000f8   Data           4  ircomm.o(.data)
    IrComm1TxTail                            0x200000fc   Data           4  ircomm.o(.data)
    IrComm2TxHead                            0x20000100   Data           4  ircomm.o(.data)
    IrComm2TxTail                            0x20000104   Data           4  ircomm.o(.data)
    IrComm2RxHead                            0x20000108   Data           4  ircomm.o(.data)
    IrComm2RxTail                            0x2000010c   Data           4  ircomm.o(.data)
    pstIr1Obj                                0x20000110   Data           4  ircomm.o(.data)
    pstIr2Obj                                0x20000114   Data           4  ircomm.o(.data)
    stIr1ObjCenter                           0x20000118   Data           8  ircomm.o(.data)
    stIr2ObjCenter                           0x20000120   Data           8  ircomm.o(.data)
    ucIr1Status                              0x20000128   Data           1  ircomm.o(.data)
    ucIr2Status                              0x20000129   Data           1  ircomm.o(.data)
    ucIr1CommRecCount                        0x2000012a   Data           1  ircomm.o(.data)
    ucIr2CommRecCount                        0x2000012b   Data           1  ircomm.o(.data)
    stIR_M_TO_A                              0x2000012c   Data           8  ircomm.o(.data)
    stIR_M_TO_C                              0x20000134   Data           8  ircomm.o(.data)
    stIR_A_TO_M                              0x2000013c   Data           8  ircomm.o(.data)
    stIR_A_TO_C                              0x20000144   Data           8  ircomm.o(.data)
    stIR_C_TO_M                              0x2000014c   Data           8  ircomm.o(.data)
    stIR_C_TO_A                              0x20000154   Data           8  ircomm.o(.data)
    ucAck_M_TO_A_FLAG                        0x2000015c   Data           1  ircomm.o(.data)
    ucAck_M_TO_C_FLAG                        0x2000015d   Data           1  ircomm.o(.data)
    ucAck_A_TO_M_FLAG                        0x2000015e   Data           1  ircomm.o(.data)
    ucAck_A_TO_C_FLAG                        0x2000015f   Data           1  ircomm.o(.data)
    ucAck_C_TO_M_FLAG                        0x20000160   Data           1  ircomm.o(.data)
    ucAck_C_TO_A_FLAG                        0x20000161   Data           1  ircomm.o(.data)
    ucAck_M_TO_A_CNT                         0x20000162   Data           1  ircomm.o(.data)
    ucAck_M_TO_C_CNT                         0x20000163   Data           1  ircomm.o(.data)
    ucAck_A_TO_M_CNT                         0x20000164   Data           1  ircomm.o(.data)
    ucAck_A_TO_C_CNT                         0x20000165   Data           1  ircomm.o(.data)
    ucAck_C_TO_M_CNT                         0x20000166   Data           1  ircomm.o(.data)
    ucAck_C_TO_A_CNT                         0x20000167   Data           1  ircomm.o(.data)
    ucAck_M_TO_A_SEND_DATA                   0x20000168   Data           1  ircomm.o(.data)
    ucAck_M_TO_C_SEND_DATA                   0x20000169   Data           1  ircomm.o(.data)
    ucAck_A_TO_M_SEND_DATA                   0x2000016a   Data           1  ircomm.o(.data)
    ucAck_A_TO_C_SEND_DATA                   0x2000016b   Data           1  ircomm.o(.data)
    ucAck_C_TO_M_SEND_DATA                   0x2000016c   Data           1  ircomm.o(.data)
    ucAck_C_TO_A_SEND_DATA                   0x2000016d   Data           1  ircomm.o(.data)
    ucAck_M_TO_A_RCV_DATA                    0x2000016e   Data           1  ircomm.o(.data)
    ucAck_M_TO_C_RCV_DATA                    0x2000016f   Data           1  ircomm.o(.data)
    ucAck_A_TO_M_RCV_DATA                    0x20000170   Data           1  ircomm.o(.data)
    ucAck_A_TO_C_RCV_DATA                    0x20000171   Data           1  ircomm.o(.data)
    ucAck_C_TO_M_RCV_DATA                    0x20000172   Data           1  ircomm.o(.data)
    ucAck_C_TO_A_RCV_DATA                    0x20000173   Data           1  ircomm.o(.data)
    SystemCoreClock                          0x20000178   Data           4  system_stm32f4xx.o(.data)
    AHBPrescTable                            0x2000017c   Data          16  system_stm32f4xx.o(.data)
    g_stActionM1DymPathLow                   0x2000019c   Data          32  robotctrl.o(.data)
    g_stActionM2DymPathLow                   0x200001bc   Data          32  robotctrl.o(.data)
    g_stActionM1DymPathMid                   0x200001dc   Data          32  robotctrl.o(.data)
    g_stActionM2DymPathMid                   0x200001fc   Data          32  robotctrl.o(.data)
    g_stActionM1DymPathTop                   0x2000021c   Data          32  robotctrl.o(.data)
    g_stActionM2DymPathTop                   0x2000023c   Data          32  robotctrl.o(.data)
    stAction_M1                              0x2000025c   Data         192  robotctrl.o(.data)
    stAction_M2                              0x2000031c   Data         192  robotctrl.o(.data)
    stAction_M3                              0x200003dc   Data         192  robotctrl.o(.data)
    stNavPathRed                             0x2000049c   Data        2640  robotctrl.o(.data)
    stNavPathBlue                            0x20000eec   Data        2640  robotctrl.o(.data)
    stVisionDetecLine                        0x2000193c   Data          20  robotctrl.o(.data)
    stGryoData                               0x20001950   Data           4  robotctrl.o(.data)
    stObjCenter                              0x20001954   Data           8  robotctrl.o(.data)
    ucStatus                                 0x2000195c   Data           1  robotctrl.o(.data)
    ucCommRecCount                           0x2000195d   Data           1  robotctrl.o(.data)
    pstObj                                   0x20001960   Data           4  robotctrl.o(.data)
    stRobot                                  0x20001964   Data         904  robotctrl.o(.data)
    uc_TestAirFlag                           0x20001cec   Data           1  robotctrl.o(.data)
    uc_TestAirStartFlag                      0x20001ced   Data           1  robotctrl.o(.data)
    g_uiTTestAirTime                         0x20001cf0   Data           4  robotctrl.o(.data)
    g_uiConstTime                            0x20001cf4   Data           4  robotctrl.o(.data)
    g_ucCurModeSel                           0x20001cf8   Data           1  robotctrl.o(.data)
    g_ucModeCnt                              0x20001cf9   Data           1  robotctrl.o(.data)
    g_ucFliterLineValue                      0x20001cfa   Data          12  robotctrl.o(.data)
    g_ucLineValue                            0x20001d06   Data           1  robotctrl.o(.data)
    g_fpPostionXTemp                         0x20001d08   Data           4  robotctrl.o(.data)
    g_fpModifyAngle                          0x20001d0c   Data           4  robotctrl.o(.data)
    g_fpGyroAngle                            0x20001d10   Data           4  robotctrl.o(.data)
    g_fpPotTemp                              0x20001d14   Data           4  robotctrl.o(.data)
    g_ssMemsGryo                             0x20001d18   Data           2  robotctrl.o(.data)
    g_ucOnceRunFlag                          0x20001d1a   Data           1  robotctrl.o(.data)
    g_ucLoopRunFlag                          0x20001d1b   Data           1  robotctrl.o(.data)
    g_ucJumpRunFlag                          0x20001d1c   Data           1  robotctrl.o(.data)
    g_ucTaskFlag                             0x20001d1d   Data           1  robotctrl.o(.data)
    g_ucTaskCnt                              0x20001d1e   Data           1  robotctrl.o(.data)
    g_uiTaskTime1                            0x20001d20   Data           4  robotctrl.o(.data)
    g_uiTaskTime2                            0x20001d24   Data           4  robotctrl.o(.data)
    g_siTaskDeltaTime                        0x20001d28   Data           4  robotctrl.o(.data)
    g_ucAllContinueFlag                      0x20001d2c   Data           1  robotctrl.o(.data)
    g_siRobotXDesShadow                      0x20001d30   Data           4  robotctrl.o(.data)
    g_siRobotYDesShadow                      0x20001d34   Data           4  robotctrl.o(.data)
    g_siRobotQDesShadow                      0x20001d38   Data           4  robotctrl.o(.data)
    g_ucRobotXEnable                         0x20001d3c   Data           1  robotctrl.o(.data)
    g_ucRobotYEnable                         0x20001d3d   Data           1  robotctrl.o(.data)
    g_ucRobotQEnable                         0x20001d3e   Data           1  robotctrl.o(.data)
    g_siRobotXDes                            0x20001d40   Data           4  robotctrl.o(.data)
    g_siRobotYDes                            0x20001d44   Data           4  robotctrl.o(.data)
    g_siRobotQDes                            0x20001d48   Data           4  robotctrl.o(.data)
    g_ssPotXTemp                             0x20001d4c   Data           2  robotctrl.o(.data)
    g_ssPotYTemp                             0x20001d4e   Data           2  robotctrl.o(.data)
    g_ssPotQTemp                             0x20001d50   Data           2  robotctrl.o(.data)
    g_siDirAngle                             0x20001d54   Data           4  robotctrl.o(.data)
    g_fpActionM1VeltDesShadow                0x20001d58   Data           4  robotctrl.o(.data)
    g_fpActionM2VeltDesShadow                0x20001d5c   Data           4  robotctrl.o(.data)
    g_fpActionM3VeltDesShadow                0x20001d60   Data           4  robotctrl.o(.data)
    g_fpActionM1PotFB                        0x20001d64   Data           4  robotctrl.o(.data)
    g_fpActionM2PotFB                        0x20001d68   Data           4  robotctrl.o(.data)
    g_fpM1DeltaPos                           0x20001d6c   Data           4  robotctrl.o(.data)
    g_fpM1DeltaPos1                          0x20001d70   Data           4  robotctrl.o(.data)
    g_fpM1DeltaPos2                          0x20001d74   Data           4  robotctrl.o(.data)
    g_fpM2DeltaPos                           0x20001d78   Data           4  robotctrl.o(.data)
    g_fpM2DeltaPos2                          0x20001d7c   Data           4  robotctrl.o(.data)
    g_ucMC_M1UpCnt                           0x20001d80   Data           1  robotctrl.o(.data)
    g_ucMC_M1DownCnt                         0x20001d81   Data           1  robotctrl.o(.data)
    g_ucMC_M2OutCnt                          0x20001d82   Data           1  robotctrl.o(.data)
    g_ucMC_M2InCnt                           0x20001d83   Data           1  robotctrl.o(.data)
    g_ucMC_CatchCnt                          0x20001d84   Data           1  robotctrl.o(.data)
    g_ucMC_ReleaseCnt                        0x20001d85   Data           1  robotctrl.o(.data)
    g_ucMC_RotFitCnt                         0x20001d86   Data           1  robotctrl.o(.data)
    g_ucMC_RotOpstCnt                        0x20001d87   Data           1  robotctrl.o(.data)
    g_ucMC_AutoCnt                           0x20001d88   Data           1  robotctrl.o(.data)
    g_ucMC_Rot_ValveCnt                      0x20001d89   Data           1  robotctrl.o(.data)
    g_ucMC_InitCnt                           0x20001d8a   Data           1  robotctrl.o(.data)
    g_ucMCComStatusFlag                      0x20001d8b   Data           1  robotctrl.o(.data)
    g_ucAC_LeaveStartCnt                     0x20001d8c   Data           1  robotctrl.o(.data)
    g_ucAC_L2Cnt                             0x20001d8d   Data           1  robotctrl.o(.data)
    g_ucAC_BasketCnt                         0x20001d8e   Data           1  robotctrl.o(.data)
    g_ucAC_LiftUpCnt                         0x20001d8f   Data           1  robotctrl.o(.data)
    g_ucACComStatusFlag                      0x20001d90   Data           1  robotctrl.o(.data)
    g_ucCurLcdPage                           0x20001d91   Data           1  robotctrl.o(.data)
    g_pstL2Path                              0x20001d94   Data           4  robotctrl.o(.data)
    g_pstCatchBanPath                        0x20001d98   Data           4  robotctrl.o(.data)
    g_pstReleaseBanPath                      0x20001d9c   Data           4  robotctrl.o(.data)
    g_pstGoBasketPath                        0x20001da0   Data           4  robotctrl.o(.data)
    g_siTestFlashRead                        0x20001da4   Data           4  robotctrl.o(.data)
    g_ucFlashFlag                            0x20001da8   Data           1  robotctrl.o(.data)
    g_ucFlashWrongNum                        0x20001da9   Data           1  robotctrl.o(.data)
    g_siFlashValue                           0x20001dac   Data         400  robotctrl.o(.data)
    g_uiVisionUpdateTime                     0x20001f3c   Data           4  robotctrl.o(.data)
    g_ucVisionUsedCnt                        0x20001f40   Data           1  robotctrl.o(.data)
    g_fpVisionValue                          0x20001f44   Data           4  robotctrl.o(.data)
    g_fpVisionPotY                           0x20001f48   Data           4  robotctrl.o(.data)
    g_ucKeyFlag                              0x20001f4c   Data           1  robotctrl.o(.data)
    g_FirstRun                               0x20001f4d   Data           1  robotctrl.o(.data)
    g_ACFlag1                                0x20001f4e   Data           1  robotctrl.o(.data)
    g_ACFlag2                                0x20001f4f   Data           1  robotctrl.o(.data)
    g_ACFlag3                                0x20001f50   Data           1  robotctrl.o(.data)
    g_ACFlag4                                0x20001f51   Data           1  robotctrl.o(.data)
    g_ACFlag5                                0x20001f52   Data           1  robotctrl.o(.data)
    g_CFlag6                                 0x20001f53   Data           1  robotctrl.o(.data)
    g_CFlag7                                 0x20001f54   Data           1  robotctrl.o(.data)
    g_CFlag8                                 0x20001f55   Data           1  robotctrl.o(.data)
    g_AC_NoCom_On_Off                        0x20001f56   Data           1  robotctrl.o(.data)
    g_M3TempCoder                            0x20001f58   Data           4  robotctrl.o(.data)
    g_SelectState_Electric_On                0x20001f5c   Data           1  robotctrl.o(.data)
    g_ucFlashLoad                            0x20001f5d   Data           1  robotctrl.o(.data)
    g_ucUseMemsGryo                          0x20001f5e   Data           1  robotctrl.o(.data)
    g_uiCPUUsage                             0x20001f60   Data           4  robotctrl.o(.data)
    g_uiCPUUsageMax                          0x20001f64   Data           4  robotctrl.o(.data)
    g_TimeTemp                               0x20001f68   Data           4  robotctrl.o(.data)
    g_fpValveCoff                            0x20001f6c   Data           4  robotctrl.o(.data)
    stJSValue                                0x20001f72   Data           8  robotctrl.o(.data)
    usKeyValue                               0x20001f7a   Data           2  robotctrl.o(.data)
    g_ucWatchComTemp                         0x20001f7c   Data           1  robotctrl.o(.data)
    OSCtxSwCtr                               0x20001f90   Data           4  os_core.o(.data)
    OSEventFreeList                          0x20001f94   Data           4  os_core.o(.data)
    OSIntNesting                             0x20001f98   Data           1  os_core.o(.data)
    OSLockNesting                            0x20001f99   Data           1  os_core.o(.data)
    OSPrioCur                                0x20001f9a   Data           1  os_core.o(.data)
    OSPrioHighRdy                            0x20001f9b   Data           1  os_core.o(.data)
    OSRdyGrp                                 0x20001f9c   Data           1  os_core.o(.data)
    OSRdyTbl                                 0x20001f9d   Data           4  os_core.o(.data)
    OSRunning                                0x20001fa1   Data           1  os_core.o(.data)
    OSTaskCtr                                0x20001fa2   Data           1  os_core.o(.data)
    OSIdleCtr                                0x20001fa4   Data           4  os_core.o(.data)
    OSTCBCur                                 0x20001fa8   Data           4  os_core.o(.data)
    OSTCBFreeList                            0x20001fac   Data           4  os_core.o(.data)
    OSTCBHighRdy                             0x20001fb0   Data           4  os_core.o(.data)
    OSTCBList                                0x20001fb4   Data           4  os_core.o(.data)
    OSTickStepState                          0x20001fb8   Data           1  os_core.o(.data)
    OSTime                                   0x20001fbc   Data           4  os_core.o(.data)
    __microlib_freelist                      0x20001fc0   Data           4  mvars.o(.data)
    __microlib_freelist_initialised          0x20001fc4   Data           4  mvars.o(.data)
    g_uiLightStateCan                        0x20003594   Data          16  can_api.o(.bss)
    Ir1CommBuf                               0x2000371c   Data         128  ircomm.o(.bss)
    Ir2CommBuf                               0x2000379c   Data         128  ircomm.o(.bss)
    stDoubleOMNI                             0x2000381c   Data          40  robotctrl.o(.bss)
    g_stRobotDesV                            0x20003844   Data          12  robotctrl.o(.bss)
    InitTaskStk                              0x20003850   Data        1024  robotctrl.o(.bss)
    BaseCtrlTaskStk                          0x20003c50   Data        2048  robotctrl.o(.bss)
    ActionMotorCtrlTaskStk                   0x20004450   Data        2048  robotctrl.o(.bss)
    LcdDispTaskStk                           0x20004c50   Data        2048  robotctrl.o(.bss)
    ReadKeyTaskStk                           0x20005450   Data        2048  robotctrl.o(.bss)
    NavTaskStk                               0x20005c50   Data        4096  robotctrl.o(.bss)
    DispatchTaskStk                          0x20006c50   Data        4096  robotctrl.o(.bss)
    CanTaskStk                               0x20007c50   Data        1024  robotctrl.o(.bss)
    DetectTaskStk                            0x20008050   Data        1024  robotctrl.o(.bss)
    stMyTest                                 0x20008450   Data          16  robotctrl.o(.bss)
    stSensorData                             0x20008460   Data          24  robotctrl.o(.bss)
    CommBuf                                  0x20008478   Data         512  robotctrl.o(.bss)
    OSEventTbl                               0x20008678   Data         320  os_core.o(.bss)
    OSTaskIdleStk                            0x200087b8   Data         512  os_core.o(.bss)
    OSTCBPrioTbl                             0x200089b8   Data         128  os_core.o(.bss)
    OSTCBTbl                                 0x20008a38   Data         924  os_core.o(.bss)
    __heap_base                              0x20008dd8   Data           0  startup_stm32f4xx.o(HEAP)
    __heap_limit                             0x20008fd8   Data           0  startup_stm32f4xx.o(HEAP)
    __initial_sp                             0x200093d8   Data           0  startup_stm32f4xx.o(STACK)



==============================================================================

Memory Map of the image

  Image Entry point : 0x08000189

  Load Region LR_IROM1 (Base: 0x08000000, Size: 0x0001545c, Max: 0x00100000, ABSOLUTE, COMPRESSED[0x00013974])

    Execution Region ER_IROM1 (Base: 0x08000000, Size: 0x00013490, Max: 0x00100000, ABSOLUTE)

    Base Addr    Size         Type   Attr      Idx    E Section Name        Object

    0x08000000   0x00000188   Data   RO         5076    RESET               startup_stm32f4xx.o
    0x08000188   0x00000000   Code   RO         5901  * .ARM.Collect$$$$00000000  mc_w.l(entry.o)
    0x08000188   0x00000004   Code   RO         6267    .ARM.Collect$$$$00000001  mc_w.l(entry2.o)
    0x0800018c   0x00000004   Code   RO         6270    .ARM.Collect$$$$00000004  mc_w.l(entry5.o)
    0x08000190   0x00000000   Code   RO         6272    .ARM.Collect$$$$00000008  mc_w.l(entry7b.o)
    0x08000190   0x00000008   Code   RO         6273    .ARM.Collect$$$$00000009  mc_w.l(entry8.o)
    0x08000198   0x00000004   Code   RO         6268    .ARM.Collect$$$$00002712  mc_w.l(entry2.o)
    0x0800019c   0x00000024   Code   RO         5077    .text               startup_stm32f4xx.o
    0x080001c0   0x000000a4   Code   RO         5381    .text               os_cpu_a.o
    0x08000264   0x00000024   Code   RO         5904    .text               mc_w.l(memcpya.o)
    0x08000288   0x000000b0   Code   RO         6201    .text               mf_w.l(fadd.o)
    0x08000338   0x0000006c   Code   RO         6203    .text               mf_w.l(fmul.o)
    0x080003a4   0x00000080   Code   RO         6205    .text               mf_w.l(fdiv.o)
    0x08000424   0x0000014c   Code   RO         6207    .text               mf_w.l(dadd.o)
    0x08000570   0x000000e0   Code   RO         6209    .text               mf_w.l(dmul.o)
    0x08000650   0x000000de   Code   RO         6211    .text               mf_w.l(ddiv.o)
    0x0800072e   0x00000012   Code   RO         6213    .text               mf_w.l(fflti.o)
    0x08000740   0x0000000a   Code   RO         6215    .text               mf_w.l(ffltui.o)
    0x0800074a   0x00000022   Code   RO         6217    .text               mf_w.l(dflti.o)
    0x0800076c   0x0000001a   Code   RO         6219    .text               mf_w.l(dfltui.o)
    0x08000786   0x00000032   Code   RO         6221    .text               mf_w.l(ffixi.o)
    0x080007b8   0x00000028   Code   RO         6223    .text               mf_w.l(ffixui.o)
    0x080007e0   0x0000003e   Code   RO         6225    .text               mf_w.l(dfixi.o)
    0x0800081e   0x0000002e   Code   RO         6227    .text               mf_w.l(dfixui.o)
    0x0800084c   0x0000002c   Code   RO         6229    .text               mf_w.l(f2d.o)
    0x08000878   0x00000028   Code   RO         6231    .text               mf_w.l(cdcmple.o)
    0x080008a0   0x00000028   Code   RO         6233    .text               mf_w.l(cdrcmple.o)
    0x080008c8   0x00000038   Code   RO         6235    .text               mf_w.l(d2f.o)
    0x08000900   0x00000014   Code   RO         6237    .text               mf_w.l(cfcmple.o)
    0x08000914   0x00000014   Code   RO         6239    .text               mf_w.l(cfrcmple.o)
    0x08000928   0x0000002c   Code   RO         6277    .text               mc_w.l(uidiv.o)
    0x08000954   0x00000062   Code   RO         6279    .text               mc_w.l(uldiv.o)
    0x080009b6   0x0000001e   Code   RO         6281    .text               mc_w.l(llshl.o)
    0x080009d4   0x00000020   Code   RO         6283    .text               mc_w.l(llushr.o)
    0x080009f4   0x00000024   Code   RO         6285    .text               mc_w.l(llsshr.o)
    0x08000a18   0x00000000   Code   RO         6296    .text               mc_w.l(iusefp.o)
    0x08000a18   0x0000006c   Code   RO         6297    .text               mf_w.l(fepilogue.o)
    0x08000a84   0x000000be   Code   RO         6299    .text               mf_w.l(depilogue.o)
    0x08000b42   0x0000002e   Code   RO         6301    .text               mf_w.l(dscalb.o)
    0x08000b70   0x000000a2   Code   RO         6303    .text               mf_w.l(dsqrt.o)
    0x08000c12   0x00000030   Code   RO         6305    .text               mf_w.l(dfixul.o)
    0x08000c42   0x00000002   PAD
    0x08000c44   0x00000024   Code   RO         6307    .text               mc_w.l(init.o)
    0x08000c68   0x0000005c   Code   RO         6319    .text               mc_w.l(__dczerorl2.o)
    0x08000cc4   0x00000038   Code   RO          381    i.ARM_LED_Configuration  gpio.o
    0x08000cfc   0x000002d0   Code   RO         1508    i.ActionMotorCtrlTask  robotctrl.o
    0x08000fcc   0x00000130   Code   RO         1411    i.AutoBaseVeltAllocate  privatefunction.o
    0x080010fc   0x0000036c   Code   RO          965    i.AutoPathDecisionOMNI  navigation.o
    0x08001468   0x000001f4   Code   RO         1509    i.BaseCtrlTask      robotctrl.o
    0x0800165c   0x000000c4   Code   RO         1510    i.BlueFlashPage1    robotctrl.o
    0x08001720   0x000000c4   Code   RO         1511    i.BlueFlashPage2    robotctrl.o
    0x080017e4   0x000000c4   Code   RO         1512    i.BlueFlashPage3    robotctrl.o
    0x080018a8   0x000000c0   Code   RO         1513    i.BlueFlashPage4    robotctrl.o
    0x08001968   0x000000c0   Code   RO         1514    i.BlueFlashPage5    robotctrl.o
    0x08001a28   0x000000c0   Code   RO         1515    i.BlueFlashPage6    robotctrl.o
    0x08001ae8   0x00000004   Code   RO         2011    i.BusFault_Handler  stm32f4xx_it.o
    0x08001aec   0x00000014   Code   RO          136    i.CAN1BeginSend     can.o
    0x08001b00   0x00000038   Code   RO          139    i.CAN1GetTxBufDat   can.o
    0x08001b38   0x0000001c   Code   RO          142    i.CAN1IsDataInTxBuf  can.o
    0x08001b54   0x00000034   Code   RO          143    i.CAN1PutDatatoRxBuf  can.o
    0x08001b88   0x00000014   Code   RO          145    i.CAN1StopSend      can.o
    0x08001b9c   0x0000003c   Code   RO         2012    i.CAN1_RX0_IRQHandler  stm32f4xx_it.o
    0x08001bd8   0x00000044   Code   RO         2013    i.CAN1_TX_IRQHandler  stm32f4xx_it.o
    0x08001c1c   0x00000014   Code   RO          146    i.CAN2BeginSend     can.o
    0x08001c30   0x00000038   Code   RO          147    i.CAN2GetRxBufDat   can.o
    0x08001c68   0x00000038   Code   RO          149    i.CAN2GetTxBufDat   can.o
    0x08001ca0   0x0000001c   Code   RO          151    i.CAN2IsDataInRxBuf  can.o
    0x08001cbc   0x0000001c   Code   RO          152    i.CAN2IsDataInTxBuf  can.o
    0x08001cd8   0x00000034   Code   RO          153    i.CAN2PutDatatoRxBuf  can.o
    0x08001d0c   0x00000044   Code   RO          154    i.CAN2PutDatatoTxBuf  can.o
    0x08001d50   0x00000014   Code   RO          155    i.CAN2StopSend      can.o
    0x08001d64   0x0000003c   Code   RO         2014    i.CAN2_RX0_IRQHandler  stm32f4xx_it.o
    0x08001da0   0x00000044   Code   RO         2015    i.CAN2_TX_IRQHandler  stm32f4xx_it.o
    0x08001de4   0x00000164   Code   RO          156    i.CAN_Configuration  can.o
    0x08001f48   0x00000038   Code   RO         2204    i.CAN_DeInit        stm32f4xx_can.o
    0x08001f80   0x00000108   Code   RO         2206    i.CAN_FilterInit    stm32f4xx_can.o
    0x08002088   0x00000016   Code   RO         2212    i.CAN_ITConfig      stm32f4xx_can.o
    0x0800209e   0x00000130   Code   RO         2213    i.CAN_Init          stm32f4xx_can.o
    0x080021ce   0x000000fe   Code   RO         2216    i.CAN_Receive       stm32f4xx_can.o
    0x080022cc   0x0000013e   Code   RO         2221    i.CAN_Transmit      stm32f4xx_can.o
    0x0800240a   0x00000002   PAD
    0x0800240c   0x000000c4   Code   RO          673    i.CalAngle          hitcrt_algorithm.o
    0x080024d0   0x0000006c   Code   RO          675    i.CalNormalProjection  hitcrt_algorithm.o
    0x0800253c   0x000000c4   Code   RO          676    i.CalPIDIS          hitcrt_algorithm.o
    0x08002600   0x00000150   Code   RO         1516    i.CalPage           robotctrl.o
    0x08002750   0x00000106   Code   RO          845    i.CalPosPID         motorctrl.o
    0x08002856   0x0000006a   Code   RO          680    i.CalRadialProjection  hitcrt_algorithm.o
    0x080028c0   0x000000dc   Code   RO          846    i.CalVelt           motorctrl.o
    0x0800299c   0x00000194   Code   RO         1517    i.CanTask           robotctrl.o
    0x08002b30   0x0000011e   Code   RO          966    i.CheckSeries       navigation.o
    0x08002c4e   0x0000002c   Code   RO            2    i.ChipHalInit       hal.o
    0x08002c7a   0x00000002   Code   RO            3    i.ChipOutHalInit    hal.o
    0x08002c7c   0x00000016   Code   RO          681    i.Clip              hitcrt_algorithm.o
    0x08002c92   0x00000028   Code   RO          682    i.ClipFloat         hitcrt_algorithm.o
    0x08002cba   0x00000002   PAD
    0x08002cbc   0x00000160   Code   RO         1518    i.CoderPage1        robotctrl.o
    0x08002e1c   0x00000160   Code   RO         1519    i.CoderPage2        robotctrl.o
    0x08002f7c   0x00000148   Code   RO         1520    i.CommuInterrupt_Irq  robotctrl.o
    0x080030c4   0x00000054   Code   RO          685    i.ConvertAngle      hitcrt_algorithm.o
    0x08003118   0x0000002a   Code   RO          686    i.ConvertDeg        hitcrt_algorithm.o
    0x08003142   0x00000070   Code   RO          847    i.CopyFloatSlowly   motorctrl.o
    0x080031b2   0x00000034   Code   RO          848    i.CopyIntSlowly     motorctrl.o
    0x080031e6   0x00000038   Code   RO          849    i.CopyIntSlowlyEx   motorctrl.o
    0x0800321e   0x00000002   PAD
    0x08003220   0x00000064   Code   RO         1521    i.CreateCommObj     robotctrl.o
    0x08003284   0x00000002   Code   RO         2016    i.DebugMon_Handler  stm32f4xx_it.o
    0x08003286   0x00000014   Code   RO         1522    i.Define_Comm_Objs  robotctrl.o
    0x0800329a   0x000000d0   Code   RO         1412    i.DesRobotV         privatefunction.o
    0x0800336a   0x00000002   PAD
    0x0800336c   0x000011e0   Code   RO         1523    i.DetectTask        robotctrl.o
    0x0800454c   0x000001ae   Code   RO          851    i.DiffAutoPotLoopCtrl  motorctrl.o
    0x080046fa   0x00000002   PAD
    0x080046fc   0x00000b7c   Code   RO          852    i.DiffAutoVeltDis   motorctrl.o
    0x08005278   0x00005998   Code   RO         1524    i.DispatchTask      robotctrl.o
    0x0800ac10   0x000002d0   Code   RO          809    i.DoubleVerticalOMNILocateEx1  location.o
    0x0800aee0   0x0000000c   Code   RO         2817    i.FLASH_ClearFlag   stm32f4xx_flash.o
    0x0800aeec   0x00000094   Code   RO         2821    i.FLASH_EraseSector  stm32f4xx_flash.o
    0x0800af80   0x00000054   Code   RO         2823    i.FLASH_GetStatus   stm32f4xx_flash.o
    0x0800afd4   0x00000014   Code   RO         2827    i.FLASH_Lock        stm32f4xx_flash.o
    0x0800afe8   0x00000050   Code   RO         2843    i.FLASH_ProgramWord  stm32f4xx_flash.o
    0x0800b038   0x00000028   Code   RO         2845    i.FLASH_Unlock      stm32f4xx_flash.o
    0x0800b060   0x0000001c   Code   RO         2846    i.FLASH_WaitForLastOperation  stm32f4xx_flash.o
    0x0800b07c   0x00000250   Code   RO          310    i.FSMC_Configuration  fsmc.o
    0x0800b2cc   0x00000034   Code   RO         3018    i.FSMC_NORSRAMCmd   stm32f4xx_fsmc.o
    0x0800b300   0x000000fc   Code   RO         3020    i.FSMC_NORSRAMInit  stm32f4xx_fsmc.o
    0x0800b3fc   0x00000024   Code   RO         1413    i.FindUCHAR8Max     privatefunction.o
    0x0800b420   0x00000026   Code   RO         1414    i.FindUCHAR8Min     privatefunction.o
    0x0800b446   0x00000002   PAD
    0x0800b448   0x00000180   Code   RO          382    i.GPIO_Configuration  gpio.o
    0x0800b5c8   0x000000ca   Code   RO         3132    i.GPIO_Init         stm32f4xx_gpio.o
    0x0800b692   0x0000005e   Code   RO         3133    i.GPIO_PinAFConfig  stm32f4xx_gpio.o
    0x0800b6f0   0x00000014   Code   RO         1415    i.GetCurTime        privatefunction.o
    0x0800b704   0x00000010   Code   RO          574    i.GetOneInt32       flashsave.o
    0x0800b714   0x00000010   Code   RO          575    i.GetOneShort16     flashsave.o
    0x0800b724   0x00000004   Code   RO         2017    i.HardFault_Handler  stm32f4xx_it.o
    0x0800b728   0x000000d4   Code   RO         1525    i.HorMotorBluePage  robotctrl.o
    0x0800b7fc   0x00000054   Code   RO         1526    i.HorMotorRedPage   robotctrl.o
    0x0800b850   0x00000002   Code   RO          509    i.InitLcd           hitcrt_api.o
    0x0800b852   0x00000002   PAD
    0x0800b854   0x00000678   Code   RO         1529    i.InitMode          robotctrl.o
    0x0800becc   0x00000148   Code   RO         1530    i.InitTask          robotctrl.o
    0x0800c014   0x00000030   Code   RO         1119    i.IrComm1GetRxBufDat  ircomm.o
    0x0800c044   0x0000001c   Code   RO         1123    i.IrComm1IsDataInRxBuf  ircomm.o
    0x0800c060   0x0000001c   Code   RO         1125    i.IrComm1PutDataToRxBuf  ircomm.o
    0x0800c07c   0x00000050   Code   RO         1531    i.LcdClear          robotctrl.o
    0x0800c0cc   0x0000012c   Code   RO         1532    i.LcdDispTask       robotctrl.o
    0x0800c1f8   0x00000104   Code   RO         1533    i.LineFilterPage    robotctrl.o
    0x0800c2fc   0x000005d4   Code   RO         1534    i.LowSpeedPage      robotctrl.o
    0x0800c8d0   0x0000015c   Code   RO         1416    i.ManualBaseVeltAllocate  privatefunction.o
    0x0800ca2c   0x000001c0   Code   RO         1535    i.ManualPage        robotctrl.o
    0x0800cbec   0x00000004   Code   RO         2018    i.MemManage_Handler  stm32f4xx_it.o
    0x0800cbf0   0x00000404   Code   RO         1536    i.ModeSelectPage    robotctrl.o
    0x0800cff4   0x000001bc   Code   RO         1537    i.MotorCoderPage3   robotctrl.o
    0x0800d1b0   0x0000011c   Code   RO         1538    i.MotorPwmPage      robotctrl.o
    0x0800d2cc   0x00000138   Code   RO         1539    i.MotorVeltDesPage  robotctrl.o
    0x0800d404   0x00000002   Code   RO         2019    i.NMI_Handler       stm32f4xx_it.o
    0x0800d406   0x000000fa   Code   RO          403    i.NVIC_Configuration  nvic.o
    0x0800d500   0x00000094   Code   RO         2144    i.NVIC_Init         misc.o
    0x0800d594   0x00000014   Code   RO         2145    i.NVIC_PriorityGroupConfig  misc.o
    0x0800d5a8   0x00000418   Code   RO          971    i.NavLineEx1        navigation.o
    0x0800d9c0   0x000001bc   Code   RO         1540    i.NavTask           robotctrl.o
    0x0800db7c   0x00000020   Code   RO         5083    i.OSInit            os_core.o
    0x0800db9c   0x00000002   Code   RO         5385    i.OSInitHookBegin   os_cpu_c.o
    0x0800db9e   0x00000002   Code   RO         5386    i.OSInitHookEnd     os_cpu_c.o
    0x0800dba0   0x0000008c   Code   RO         5085    i.OSIntExit         os_core.o
    0x0800dc2c   0x00000048   Code   RO         5088    i.OSStart           os_core.o
    0x0800dc74   0x00000002   Code   RO         5387    i.OSTCBInitHook     os_cpu_c.o
    0x0800dc76   0x00000002   PAD
    0x0800dc78   0x000000ac   Code   RO         5315    i.OSTaskCreate      os_task.o
    0x0800dd24   0x00000002   Code   RO         5388    i.OSTaskCreateHook  os_cpu_c.o
    0x0800dd26   0x00000002   Code   RO         5390    i.OSTaskIdleHook    os_cpu_c.o
    0x0800dd28   0x00000098   Code   RO         5317    i.OSTaskNameSet     os_task.o
    0x0800ddc0   0x000000ba   Code   RO         5392    i.OSTaskStkInit     os_cpu_c.o
    0x0800de7a   0x00000002   Code   RO         5393    i.OSTaskSwHook      os_cpu_c.o
    0x0800de7c   0x00000070   Code   RO         5339    i.OSTimeDly         os_time.o
    0x0800deec   0x000000f4   Code   RO         5089    i.OSTimeTick        os_core.o
    0x0800dfe0   0x00000002   Code   RO         5394    i.OSTimeTickHook    os_cpu_c.o
    0x0800dfe2   0x00000002   PAD
    0x0800dfe4   0x00000064   Code   RO         5095    i.OS_InitEventList  os_core.o
    0x0800e048   0x00000040   Code   RO         5096    i.OS_InitMisc       os_core.o
    0x0800e088   0x00000050   Code   RO         5097    i.OS_InitRdyList    os_core.o
    0x0800e0d8   0x00000074   Code   RO         5098    i.OS_InitTCBList    os_core.o
    0x0800e14c   0x00000034   Code   RO         5099    i.OS_InitTaskIdle   os_core.o
    0x0800e180   0x00000016   Code   RO         5100    i.OS_MemClr         os_core.o
    0x0800e196   0x00000002   PAD
    0x0800e198   0x0000006c   Code   RO         5102    i.OS_Sched          os_core.o
    0x0800e204   0x0000002c   Code   RO         5103    i.OS_SchedNew       os_core.o
    0x0800e230   0x00000020   Code   RO         5104    i.OS_StrCopy        os_core.o
    0x0800e250   0x0000001a   Code   RO         5105    i.OS_StrLen         os_core.o
    0x0800e26a   0x00000002   PAD
    0x0800e26c   0x00000110   Code   RO         5106    i.OS_TCBInit        os_core.o
    0x0800e37c   0x00000028   Code   RO         5107    i.OS_TaskIdle       os_core.o
    0x0800e3a4   0x000000dc   Code   RO         1547    i.OtherFlashPage    robotctrl.o
    0x0800e480   0x00000086   Code   RO          854    i.PotDoubleLoopCtrl  motorctrl.o
    0x0800e506   0x00000002   PAD
    0x0800e508   0x00000058   Code   RO          511    i.PrintChar         hitcrt_api.o
    0x0800e560   0x00000084   Code   RO          513    i.PrintInt          hitcrt_api.o
    0x0800e5e4   0x00000024   Code   RO          515    i.PutCur            hitcrt_api.o
    0x0800e608   0x00000024   Code   RO         3729    i.RCC_AHB1PeriphClockCmd  stm32f4xx_rcc.o
    0x0800e62c   0x00000024   Code   RO         3735    i.RCC_AHB3PeriphClockCmd  stm32f4xx_rcc.o
    0x0800e650   0x00000024   Code   RO         3738    i.RCC_APB1PeriphClockCmd  stm32f4xx_rcc.o
    0x0800e674   0x00000024   Code   RO         3740    i.RCC_APB1PeriphResetCmd  stm32f4xx_rcc.o
    0x0800e698   0x00000024   Code   RO         3741    i.RCC_APB2PeriphClockCmd  stm32f4xx_rcc.o
    0x0800e6bc   0x00000090   Code   RO          420    i.RCC_Configuration  rcc.o
    0x0800e74c   0x000000f4   Code   RO         3750    i.RCC_GetClocksFreq  stm32f4xx_rcc.o
    0x0800e840   0x00000078   Code   RO         1417    i.RcvMEMSGryo       privatefunction.o
    0x0800e8b8   0x00001a68   Code   RO         1548    i.ReadKeyTask       robotctrl.o
    0x08010320   0x00000160   Code   RO         1418    i.ReadRobotFpVy     privatefunction.o
    0x08010480   0x000000c4   Code   RO         1549    i.RedFlashPage1     robotctrl.o
    0x08010544   0x000000c4   Code   RO         1550    i.RedFlashPage2     robotctrl.o
    0x08010608   0x000000c4   Code   RO         1551    i.RedFlashPage3     robotctrl.o
    0x080106cc   0x000000c0   Code   RO         1552    i.RedFlashPage4     robotctrl.o
    0x0801078c   0x000000c0   Code   RO         1553    i.RedFlashPage5     robotctrl.o
    0x0801084c   0x000000c0   Code   RO         1554    i.RedFlashPage6     robotctrl.o
    0x0801090c   0x0000010c   Code   RO         1419    i.RetVisionLineValue  privatefunction.o
    0x08010a18   0x00000048   Code   RO          688    i.Round             hitcrt_algorithm.o
    0x08010a60   0x00000002   Code   RO         2020    i.SVC_Handler       stm32f4xx_it.o
    0x08010a62   0x00000002   PAD
    0x08010a64   0x00000090   Code   RO          576    i.SaveAllWord32     flashsave.o
    0x08010af4   0x000000cc   Code   RO          577    i.SaveOneWord32     flashsave.o
    0x08010bc0   0x00000038   Code   RO         1019    i.SendAirMsgByCan2  can_api.o
    0x08010bf8   0x000000a8   Code   RO         1020    i.SendLineCfgCmdMsgByCan2  can_api.o
    0x08010ca0   0x00000054   Code   RO         1022    i.SendLineCmdMsgByCan2  can_api.o
    0x08010cf4   0x0000013c   Code   RO         1563    i.SensorPage        robotctrl.o
    0x08010e30   0x0000009a   Code   RO          856    i.SetPathEndPosEx   motorctrl.o
    0x08010eca   0x00000002   PAD
    0x08010ecc   0x000000dc   Code   RO         1378    i.SetSysClock       system_stm32f4xx.o
    0x08010fa8   0x00000028   Code   RO         1421    i.StartMEMSGryo     privatefunction.o
    0x08010fd0   0x00000028   Code   RO         1422    i.StopMEMSGryo      privatefunction.o
    0x08010ff8   0x00000054   Code   RO         2021    i.SysTick_Handler   stm32f4xx_it.o
    0x0801104c   0x00000068   Code   RO         1380    i.SystemInit        system_stm32f4xx.o
    0x080110b4   0x00000024   Code   RO         2022    i.TIM3_IRQHandler   stm32f4xx_it.o
    0x080110d8   0x0000001a   Code   RO         4288    i.TIM_Cmd           stm32f4xx_tim.o
    0x080110f2   0x00000002   PAD
    0x080110f4   0x00000084   Code   RO          460    i.TIM_Configuration  tim.o
    0x08011178   0x00000018   Code   RO         4342    i.TIM_SelectInputTrigger  stm32f4xx_tim.o
    0x08011190   0x00000016   Code   RO         4343    i.TIM_SelectMasterSlaveMode  stm32f4xx_tim.o
    0x080111a6   0x00000016   Code   RO         4346    i.TIM_SelectOutputTrigger  stm32f4xx_tim.o
    0x080111bc   0x00000016   Code   RO         4347    i.TIM_SelectSlaveMode  stm32f4xx_tim.o
    0x080111d2   0x00000002   PAD
    0x080111d4   0x00000090   Code   RO         4360    i.TIM_TimeBaseInit  stm32f4xx_tim.o
    0x08011264   0x00000118   Code   RO         1564    i.TestLinePage      robotctrl.o
    0x0801137c   0x00000138   Code   RO         1565    i.TestVisionPage    robotctrl.o
    0x080114b4   0x00000058   Code   RO         1566    i.TurnAction_M1     robotctrl.o
    0x0801150c   0x00000050   Code   RO         1567    i.TurnAction_M2     robotctrl.o
    0x0801155c   0x00000050   Code   RO         1568    i.TurnAction_M3     robotctrl.o
    0x080115ac   0x00000058   Code   RO         1569    i.TurnBASE_WA       robotctrl.o
    0x08011604   0x00000050   Code   RO         1570    i.TurnBASE_WB       robotctrl.o
    0x08011654   0x00000058   Code   RO         1571    i.TurnBASE_WC       robotctrl.o
    0x080116ac   0x000000b8   Code   RO          476    i.UART1_Configuration  uart.o
    0x08011764   0x000000b8   Code   RO          477    i.UART2_Configuration  uart.o
    0x0801181c   0x000000b8   Code   RO          479    i.UART6_Configuration  uart.o
    0x080118d4   0x00000050   Code   RO         2023    i.USART1_IRQHandler  stm32f4xx_it.o
    0x08011924   0x00000054   Code   RO         2024    i.USART2_IRQHandler  stm32f4xx_it.o
    0x08011978   0x00000054   Code   RO         2025    i.USART6_IRQHandler  stm32f4xx_it.o
    0x080119cc   0x00000014   Code   RO         4830    i.USART_ClearFlag   stm32f4xx_usart.o
    0x080119e0   0x0000001a   Code   RO         4834    i.USART_Cmd         stm32f4xx_usart.o
    0x080119fa   0x00000020   Code   RO         4837    i.USART_GetFlagStatus  stm32f4xx_usart.o
    0x08011a1a   0x00000068   Code   RO         4838    i.USART_GetITStatus  stm32f4xx_usart.o
    0x08011a82   0x00000058   Code   RO         4840    i.USART_ITConfig    stm32f4xx_usart.o
    0x08011ada   0x00000002   PAD
    0x08011adc   0x000000f8   Code   RO         4841    i.USART_Init        stm32f4xx_usart.o
    0x08011bd4   0x00000016   Code   RO         4847    i.USART_OverSampling8Cmd  stm32f4xx_usart.o
    0x08011bea   0x0000000a   Code   RO         4848    i.USART_ReceiveData  stm32f4xx_usart.o
    0x08011bf4   0x00000008   Code   RO         4851    i.USART_SendData    stm32f4xx_usart.o
    0x08011bfc   0x00000134   Code   RO         1024    i.UpdateLineValue   can_api.o
    0x08011d30   0x00000044   Code   RO         1025    i.UpdateRadarValue  can_api.o
    0x08011d74   0x00000008   Code   RO         1026    i.UpdateSwitchValue  can_api.o
    0x08011d7c   0x00000004   Code   RO         2026    i.UsageFault_Handler  stm32f4xx_it.o
    0x08011d80   0x00000048   Code   RO          859    i.VeltLoopCtrl      motorctrl.o
    0x08011dc8   0x00000028   Code   RO         6147    i.__0sprintf        mc_w.l(printfa.o)
    0x08011df0   0x00000028   Code   RO         6246    i.__ARM_fpclassify  m_ws.l(fpclassify.o)
    0x08011e18   0x00000384   Code   RO         6250    i.__ieee754_rem_pio2  m_ws.l(rred.o)
    0x0801219c   0x000000fc   Code   RO         6241    i.__kernel_cos      m_ws.l(cos_i.o)
    0x08012298   0x000000aa   Code   RO         6248    i.__kernel_poly     m_ws.l(poly.o)
    0x08012342   0x00000002   PAD
    0x08012344   0x000000f0   Code   RO         6255    i.__kernel_sin      m_ws.l(sin_i.o)
    0x08012434   0x00000010   Code   RO         6244    i.__mathlib_dbl_underflow  m_ws.l(dunder.o)
    0x08012444   0x0000000e   Code   RO         6313    i.__scatterload_copy  mc_w.l(handlers.o)
    0x08012452   0x00000002   Code   RO         6314    i.__scatterload_null  mc_w.l(handlers.o)
    0x08012454   0x0000000e   Code   RO         6315    i.__scatterload_zeroinit  mc_w.l(handlers.o)
    0x08012462   0x00000002   PAD
    0x08012464   0x0000000c   Code   RO         6291    i.__set_errno       mc_w.l(errno.o)
    0x08012470   0x00000154   Code   RO         6152    i._fp_digits        mc_w.l(printfa.o)
    0x080125c4   0x00000704   Code   RO         6153    i._printf_core      mc_w.l(printfa.o)
    0x08012cc8   0x00000026   Code   RO         6154    i._printf_post_padding  mc_w.l(printfa.o)
    0x08012cee   0x00000030   Code   RO         6155    i._printf_pre_padding  mc_w.l(printfa.o)
    0x08012d1e   0x0000000a   Code   RO         6157    i._sputc            mc_w.l(printfa.o)
    0x08012d28   0x00000224   Code   RO         5860    i.atan              m_ws.l(atan.o)
    0x08012f4c   0x000000ac   Code   RO         5870    i.cos               m_ws.l(cos.o)
    0x08012ff8   0x00000028   Code   RO         1572    i.main              robotctrl.o
    0x08013020   0x0000006c   Code   RO         6174    i.malloc            mc_w.l(malloc.o)
    0x0801308c   0x000000b0   Code   RO         5878    i.sin               m_ws.l(sin.o)
    0x0801313c   0x0000004c   Code   RO         5886    i.sqrt              m_ws.l(sqrt.o)
    0x08013188   0x00000030   Data   RO         1574    .constdata          robotctrl.o
    0x080131b8   0x00000100   Data   RO         5109    .constdata          os_core.o
    0x080132b8   0x00000098   Data   RO         5861    .constdata          m_ws.l(atan.o)
    0x08013350   0x00000030   Data   RO         6242    .constdata          m_ws.l(cos_i.o)
    0x08013380   0x000000c8   Data   RO         6252    .constdata          m_ws.l(rred.o)
    0x08013448   0x00000028   Data   RO         6256    .constdata          m_ws.l(sin_i.o)
    0x08013470   0x00000020   Data   RO         6311    Region$$Table       anon$$obj.o


    Execution Region RW_IRAM1 (Base: 0x20000000, Size: 0x000093d8, Max: 0x00020000, ABSOLUTE, COMPRESSED[0x000004e4])

    Base Addr    Size         Type   Attr      Idx    E Section Name        Object

    0x20000000   0x00000020   Data   RW          161    .data               can.o
    0x20000020   0x00000008   Data   RW          423    .data               rcc.o
    0x20000028   0x00000001   Data   RW          516    .data               hitcrt_api.o
    0x20000029   0x00000003   PAD
    0x2000002c   0x00000004   Data   RW          578    .data               flashsave.o
    0x20000030   0x00000010   Data   RW          972    .data               navigation.o
    0x20000040   0x000000a0   Data   RW         1028    .data               can_api.o
    0x200000e0   0x00000096   Data   RW         1147    .data               ircomm.o
    0x20000176   0x00000002   PAD
    0x20000178   0x00000014   Data   RW         1381    .data               system_stm32f4xx.o
    0x2000018c   0x00000010   Data   RW         1424    .data               privatefunction.o
    0x2000019c   0x00001de1   Data   RW         1575    .data               robotctrl.o
    0x20001f7d   0x00000010   Data   RW         3773    .data               stm32f4xx_rcc.o
    0x20001f8d   0x00000003   PAD
    0x20001f90   0x00000030   Data   RW         5110    .data               os_core.o
    0x20001fc0   0x00000004   Data   RW         6287    .data               mc_w.l(mvars.o)
    0x20001fc4   0x00000004   Data   RW         6288    .data               mc_w.l(mvars.o)
    0x20001fc8   0x00000004   Data   RW         6292    .data               mc_w.l(errno.o)
    0x20001fcc   0x00001400   Zero   RW          160    .bss                can.o
    0x200033cc   0x000001c8   Zero   RW          860    .bss                motorctrl.o
    0x20003594   0x00000010   Zero   RW         1027    .bss                can_api.o
    0x200035a4   0x00000278   Zero   RW         1146    .bss                ircomm.o
    0x2000381c   0x00004e5c   Zero   RW         1573    .bss                robotctrl.o
    0x20008678   0x0000075c   Zero   RW         5108    .bss                os_core.o
    0x20008dd4   0x00000004   PAD
    0x20008dd8   0x00000200   Zero   RW         5075    HEAP                startup_stm32f4xx.o
    0x20008fd8   0x00000400   Zero   RW         5074    STACK               startup_stm32f4xx.o


==============================================================================

Image component sizes


      Code (inc. data)   RO Data    RW Data    ZI Data      Debug   Object Name

       860        136          0         32       5120     222853   can.o
       692         68          0        160         16     221308   can_api.o
       380         52          0          4          0       8170   flashsave.o
       592         18          0          0          0     267761   fsmc.o
       440         46          0          0          0       1041   gpio.o
        46          0          0          0          0      11235   hal.o
       866         34          0          0          0       5289   hitcrt_algorithm.o
       258         30          0          1          0       3024   hitcrt_api.o
       104         30          0        150        632       8240   ircomm.o
       720         60          0          0          0       1592   location.o
       168         20          0          0          0     218707   misc.o
      4432         88          0          0        456       7437   motorctrl.o
      2210         32          0         16          0       2911   navigation.o
       250          0          0          0          0        601   nvic.o
      1444        268        256         48       1884      16930   os_core.o
       164         32          0          0          0        292   os_cpu_a.o
       200          0          0          0          0      12069   os_cpu_c.o
         0          0          0          0          0       7439   os_flag.o
       324         26          0          0          0       1951   os_task.o
       112         16          0          0          0        592   os_time.o
      1774        106          0         16          0       7837   privatefunction.o
       144         12          0          8          0      19347   rcc.o
     48756       6422         48       7649      20060     271319   robotctrl.o
        36          8        392          0       1536        780   startup_stm32f4xx.o
      1218         32          0          0          0       4561   stm32f4xx_can.o
       412         46          0          0          0       3977   stm32f4xx_flash.o
       304          4          0          0          0       1645   stm32f4xx_fsmc.o
       296          0          0          0          0       1607   stm32f4xx_gpio.o
       646         88          0          0          0     222041   stm32f4xx_it.o
       424         52          0         16          0       5073   stm32f4xx_rcc.o
       260         28          0          0          0       3746   stm32f4xx_tim.o
       558          8          0          0          0       6004   stm32f4xx_usart.o
       324         52          0         20          0       1665   system_stm32f4xx.o
       132          6          0          0          0        536   tim.o
       552         30          0          0          0       1850   uart.o

    ----------------------------------------------------------------------
     70132       7850        728       8128      29708    1571430   Object Totals
         0          0         32          0          0          0   (incl. Generated)
        34          0          0          8          4          0   (incl. Padding)

    ----------------------------------------------------------------------

      Code (inc. data)   RO Data    RW Data    ZI Data      Debug   Library Member Name

       548         68        152          0          0        128   atan.o
       172         10          0          0          0        116   cos.o
       252         22         48          0          0        128   cos_i.o
        16          6          0          0          0         68   dunder.o
        40          0          0          0          0         68   fpclassify.o
       170          0          0          0          0         96   poly.o
       900         72        200          0          0        140   rred.o
       176         10          0          0          0        120   sin.o
       240         14         40          0          0        132   sin_i.o
        76          0          0          0          0         84   sqrt.o
        92          0          0          0          0          0   __dczerorl2.o
         0          0          0          0          0          0   entry.o
         8          4          0          0          0          0   entry2.o
         4          0          0          0          0          0   entry5.o
         0          0          0          0          0          0   entry7b.o
         8          4          0          0          0          0   entry8.o
        12          6          0          4          0         68   errno.o
        30          0          0          0          0          0   handlers.o
        36          8          0          0          0         68   init.o
         0          0          0          0          0          0   iusefp.o
        30          0          0          0          0         68   llshl.o
        36          0          0          0          0         68   llsshr.o
        32          0          0          0          0         68   llushr.o
       108         16          0          0          0         84   malloc.o
        36          0          0          0          0         68   memcpya.o
         0          0          0          8          0          0   mvars.o
      2272         84          0          0          0        512   printfa.o
        44          0          0          0          0         80   uidiv.o
        98          0          0          0          0         92   uldiv.o
        40          2          0          0          0         68   cdcmple.o
        40          2          0          0          0         68   cdrcmple.o
        20          0          0          0          0         68   cfcmple.o
        20          0          0          0          0         68   cfrcmple.o
        56          0          0          0          0         88   d2f.o
       332          0          0          0          0        148   dadd.o
       222          0          0          0          0        100   ddiv.o
       190          0          0          0          0        176   depilogue.o
        62          0          0          0          0         80   dfixi.o
        46          0          0          0          0         68   dfixui.o
        48          0          0          0          0         68   dfixul.o
        34          0          0          0          0         76   dflti.o
        26          0          0          0          0         76   dfltui.o
       224          0          0          0          0         96   dmul.o
        46          0          0          0          0         80   dscalb.o
       162          0          0          0          0        100   dsqrt.o
        44          0          0          0          0         68   f2d.o
       176          0          0          0          0        140   fadd.o
       128          0          0          0          0         88   fdiv.o
       108          0          0          0          0        168   fepilogue.o
        50          0          0          0          0         68   ffixi.o
        40          0          0          0          0         68   ffixui.o
        18          0          0          0          0         68   fflti.o
        10          0          0          0          0         68   ffltui.o
       108          0          0          0          0         76   fmul.o

    ----------------------------------------------------------------------
      7692        328        440         12          0       4496   Library Totals
         6          0          0          0          0          0   (incl. Padding)

    ----------------------------------------------------------------------

      Code (inc. data)   RO Data    RW Data    ZI Data      Debug   Library Name

      2590        202        440          0          0       1080   m_ws.l
      2846        122          0         12          0       1176   mc_w.l
      2250          4          0          0          0       2240   mf_w.l

    ----------------------------------------------------------------------
      7692        328        440         12          0       4496   Library Totals

    ----------------------------------------------------------------------

==============================================================================


      Code (inc. data)   RO Data    RW Data    ZI Data      Debug   

     77824       8178       1168       8140      29708    1562718   Grand Totals
     77824       8178       1168       1252      29708    1562718   ELF Image Totals (compressed)
     77824       8178       1168       1252          0          0   ROM Totals

==============================================================================

    Total RO  Size (Code + RO Data)                78992 (  77.14kB)
    Total RW  Size (RW Data + ZI Data)             37848 (  36.96kB)
    Total ROM Size (Code + RO Data + RW Data)      80244 (  78.36kB)

==============================================================================

